Archive member included because of file (symbol)

c:/program files (x86)/microchip/xc32/v1.34/bin/bin/../../lib/gcc/pic32mx/4.5.2/../../../../pic32mx/lib/size\libmchp_peripheral.a(read_core_timer_lib.o)
                              build/default/production/TweeqLib.o (ReadCoreTimer)
c:/program files (x86)/microchip/xc32/v1.34/bin/bin/../../lib/gcc/pic32mx/4.5.2/../../../../pic32mx/lib/size\libmchp_peripheral.a(write_core_timer_lib.o)
                              build/default/production/TweeqLib.o (WriteCoreTimer)
c:/program files (x86)/microchip/xc32/v1.34/bin/bin/../../lib/gcc/pic32mx/4.5.2/../../../../pic32mx/lib/size\libmchp_peripheral_32MX150F128B.a(uart_lib.o)
                              build/default/production/TweeqLib.o (UARTSetDataRate)
c:/program files (x86)/microchip/xc32/v1.34/bin/bin/../../lib/gcc/pic32mx/4.5.2/../../../../pic32mx/lib/size\libmchp_peripheral_32MX150F128B.a(puts_uartx_lib_legacy.o)
                              build/default/production/TweeqLib.o (putsUART1)
c:/program files (x86)/microchip/xc32/v1.34/bin/bin/../../lib/gcc/pic32mx/4.5.2/../../../../pic32mx/lib/size\libmchp_peripheral_32MX150F128B.a(I2CBusIsIdle.o)
                              build/default/production/TweeqLib.o (I2CBusIsIdle)
c:/program files (x86)/microchip/xc32/v1.34/bin/bin/../../lib/gcc/pic32mx/4.5.2/../../../../pic32mx/lib/size\libmchp_peripheral_32MX150F128B.a(I2CGetByte.o)
                              build/default/production/TweeqLib.o (I2CGetByte)
c:/program files (x86)/microchip/xc32/v1.34/bin/bin/../../lib/gcc/pic32mx/4.5.2/../../../../pic32mx/lib/size\libmchp_peripheral_32MX150F128B.a(I2CGetStatus.o)
                              build/default/production/TweeqLib.o (I2CGetStatus)
c:/program files (x86)/microchip/xc32/v1.34/bin/bin/../../lib/gcc/pic32mx/4.5.2/../../../../pic32mx/lib/size\libmchp_peripheral_32MX150F128B.a(I2CReceivedDataIsAvailable.o)
                              build/default/production/TweeqLib.o (I2CReceivedDataIsAvailable)
c:/program files (x86)/microchip/xc32/v1.34/bin/bin/../../lib/gcc/pic32mx/4.5.2/../../../../pic32mx/lib/size\libmchp_peripheral_32MX150F128B.a(I2CReceiverEnable.o)
                              build/default/production/TweeqLib.o (I2CReceiverEnable)
c:/program files (x86)/microchip/xc32/v1.34/bin/bin/../../lib/gcc/pic32mx/4.5.2/../../../../pic32mx/lib/size\libmchp_peripheral_32MX150F128B.a(I2CSendByte.o)
                              build/default/production/TweeqLib.o (I2CSendByte)
c:/program files (x86)/microchip/xc32/v1.34/bin/bin/../../lib/gcc/pic32mx/4.5.2/../../../../pic32mx/lib/size\libmchp_peripheral_32MX150F128B.a(I2CStart.o)
                              build/default/production/TweeqLib.o (I2CStart)
c:/program files (x86)/microchip/xc32/v1.34/bin/bin/../../lib/gcc/pic32mx/4.5.2/../../../../pic32mx/lib/size\libmchp_peripheral_32MX150F128B.a(I2CStop.o)
                              build/default/production/TweeqLib.o (I2CStop)
c:/program files (x86)/microchip/xc32/v1.34/bin/bin/../../lib/gcc/pic32mx/4.5.2/../../../../pic32mx/lib/size\libmchp_peripheral_32MX150F128B.a(I2CTransmissionHasCompleted.o)
                              build/default/production/TweeqLib.o (I2CTransmissionHasCompleted)
c:/program files (x86)/microchip/xc32/v1.34/bin/bin/../../lib/gcc/pic32mx/4.5.2/../../../../pic32mx/lib/size\libmchp_peripheral_32MX150F128B.a(I2CTransmitterIsReady.o)
                              build/default/production/TweeqLib.o (I2CTransmitterIsReady)
c:/program files (x86)/microchip/xc32/v1.34/bin/bin/../../lib/gcc/pic32mx/4.5.2/../../../../pic32mx/lib/size\libmchp_peripheral_32MX150F128B.a(I2CPrivate.o)
                              c:/program files (x86)/microchip/xc32/v1.34/bin/bin/../../lib/gcc/pic32mx/4.5.2/../../../../pic32mx/lib/size\libmchp_peripheral_32MX150F128B.a(I2CBusIsIdle.o) (i2cBase)
c:/program files (x86)/microchip/xc32/v1.34/bin/bin/../../lib/gcc/pic32mx/4.5.2/size\libgcc.a(floatunsisf.o)
                              build/default/production/MPU.o (__floatunsisf)
c:/program files (x86)/microchip/xc32/v1.34/bin/bin/../../lib/gcc/pic32mx/4.5.2/../../../../pic32mx/lib/size\libm.a(fp32div.o)
                              build/default/production/MPU.o (fpdiv)
c:/program files (x86)/microchip/xc32/v1.34/bin/bin/../../lib/gcc/pic32mx/4.5.2/../../../../pic32mx/lib/size\libm.a(fp32mul.o)
                              build/default/production/MPU.o (fpmul)
c:/program files (x86)/microchip/xc32/v1.34/bin/bin/../../lib/gcc/pic32mx/4.5.2/../../../../pic32mx/lib/size\libm.a(fp32subadd.o)
                              build/default/production/MPU.o (fpadd)
c:/program files (x86)/microchip/xc32/v1.34/bin/bin/../../lib/gcc/pic32mx/4.5.2/../../../../pic32mx/lib/size\libm.a(sitofp.o)
                              build/default/production/MPU.o (sitofp)
c:/program files (x86)/microchip/xc32/v1.34/bin/bin/../../lib/gcc/pic32mx/4.5.2/../../../../pic32mx/lib/size\libc.a(itoa.o)
[...]
Memory Configuration

Name             Origin             Length             Attributes
exception_mem    0x9d000000         0x00001000
kseg0_program_mem 0x9d001000         0x0001d000         xr
kseg0_eeprom_mem 0x9d01e000         0x00001000
kseg0_splitflash_mem 0x9d01f000         0x00001000
kseg0_boot_mem   0x9fc00200         0x00000000
kseg1_boot_mem   0xbfc00000         0x00000000
debug_exec_mem   0xbfc00490         0x00000000
config3          0xbfc00bf0         0x00000004
config2          0xbfc00bf4         0x00000004
config1          0xbfc00bf8         0x00000004
config0          0xbfc00bfc         0x00000004
kseg1_data_mem   0xa0000000         0x00008000         w !x
sfrs             0xbf800000         0x00100000
configsfrs       0xbfc00bf0         0x00000010
*default*        0x00000000         0xffffffff

Linker script and memory map

LOAD build/default/production/TweeqLib.o
LOAD build/default/production/Main.o
LOAD build/default/production/mOLED.o
LOAD build/default/production/mOLED_Font.o
LOAD build/default/production/MPU.o
LOAD build/default/production/crt0.o
                0x00000001                __MPLAB_BUILD = 0x1
START GROUP
LOAD c:/program files (x86)/microchip/xc32/v1.34/bin/bin/../../lib/gcc/pic32mx/4.5.2/../../../../pic32mx/lib/size\libmchp_peripheral.a
END GROUP
                0x00000800                PROVIDE (_min_stack_size, 0x800)
                0x00000800                PROVIDE (_min_heap_size, 0x800)
LOAD c:/program files (x86)/microchip/xc32/v1.34/bin/bin/../../lib/gcc/pic32mx/4.5.2/../../../../pic32mx/lib/./proc/32MX150F128B\processor.o
START GROUP
LOAD c:/program files (x86)/microchip/xc32/v1.34/bin/bin/../../lib/gcc/pic32mx/4.5.2/../../../../pic32mx/lib/size\libmchp_peripheral_32MX150F128B.a
END GROUP
                0x9d000000                _ebase_address = ORIGIN (exception_mem)
                0x9d0000f8                _IMAGE_PTR_TABLE = (_ebase_address + 0xf8)
                0x9d0000fc                _IMAGE_HEADER_ADDR = (_ebase_address + 0xfc)
                0x9d000180                _GEN_EXCPT_ADDR = (_ebase_address + 0x180)
                0x9d001000                _RESET_ADDR = ORIGIN (kseg0_program_mem)
                0x9d01e000                _EEPROM_ADDR = ORIGIN (kseg0_eeprom_mem)
                0xbfc00380                _BEV_EXCPT_ADDR = 0xbfc00380
                0xbfc00480                _DBG_EXCPT_ADDR = 0xbfc00480
                0xbfc00490                _DBG_CODE_ADDR = ORIGIN (debug_exec_mem)
                0x00000000                _imageReserved = 0x0
                0x00000001                _imageMPIDE = 0x1
                0x00000002                _imageBootFlashBootloader = 0x2
                0x00000004                _imageProgramFlashBootloader = 0x4
                0x00000008                _imageSplitFlashBootloader = 0x8
                0x00010000                _imageFullFlashEraseLess4KEEProm = 0x10000
                0x00020000                _imageJustInTimeFlashErase = 0x20000
                0x00040000                _imageLinkerSpecifiedFlashErase = 0x40000
                0x00080000                _imageFullFlashErase = 0x80000
                0x01000000                _imageExecutionJumpAddress = 0x1000000
                0x02000000                _imageExecutionJumpToFirstInFlash = 0x2000000
                0x01020001                _IMAGE_TYPE = ((_imageMPIDE | _imageJustInTimeFlashErase) | _imageExecutionJumpAddress)
                0x0001e000                _IMAGE_FLASH_SIZE = 0x1e000
                0x9d001000                _JUMP_ADDR = _RESET_ADDR

.reset          0x9d001000       0x10
 *(.reset)
 .reset         0x9d001000       0x10 build/default/production/crt0.o
                0x9d001000                _reset
                0x00000001                PROVIDE (_vector_spacing, 0x1)
LOAD c:/program files (x86)/microchip/xc32/v1.34/bin/bin/../../lib/gcc/pic32mx/4.5.2/size\crtbegin.o
LOAD c:/program files (x86)/microchip/xc32/v1.34/bin/bin/../../lib/gcc/pic32mx/4.5.2/size\crtend.o
LOAD c:/program files (x86)/microchip/xc32/v1.34/bin/bin/../../lib/gcc/pic32mx/4.5.2/../../../../pic32mx/lib/size\crtn.o
START GROUP
LOAD c:/program files (x86)/microchip/xc32/v1.34/bin/bin/../../lib/gcc/pic32mx/4.5.2/../../../../pic32mx/lib/size\libmchp_peripheral.a
END GROUP

/DISCARD/
 *(.config_*)
 *(.bev_handler)
 *(.pdr)
 *(.reginfo)
 *(.rel.dyn)
 *(.note.GNU-stack)
 *(.note.GNU-stack)
 *(.gnu_debuglink)
 *(.gnu.lto_*)
 *(.discard)

.eeprom_pic32
 *(.eeprom_pic32 .eeprom_pic32.*)

.image_ptr_table
                0x9d0000f8        0x8
                0x9d0000f8        0x4 LONG 0x9d000000 _ebase_address
                0x9d0000fc        0x4 LONG 0x9d001050 _image_header_info

.app_excpt
 *(.gen_handler)

.vector_0       0x9d000200        0x0
                0x9d000200                _new_vector_0 = .
 *(.vector_new_0)
                0x9d000200                _original_vector_0 = .
 *(.vector_0)
                0x00000001                ASSERT (((_vector_spacing == 0x0) || (SIZEOF (.vector_0) <= (_vector_spacing << 0x5))), function at exception vector 0 too large)

.vector_1       0x9d000220        0x0
 *(.vector_new_1)
 *(.vector_1)
                0x00000001                ASSERT (((_vector_spacing == 0x0) || (SIZEOF (.vector_1) <= (_vector_spacing << 0x5))), function at exception vector 1 too large)

.vector_2       0x9d000240        0x0
 *(.vector_new_2)
 *(.vector_2)
                0x00000001                ASSERT (((_vector_spacing == 0x0) || (SIZEOF (.vector_2) <= (_vector_spacing << 0x5))), function at exception vector 2 too large)

.vector_3       0x9d000260        0x0
 *(.vector_new_3)
 *(.vector_3)
                0x00000001                ASSERT (((_vector_spacing == 0x0) || (SIZEOF (.vector_3) <= (_vector_spacing << 0x5))), function at exception vector 3 too large)

.vector_4       0x9d000280        0x0
 *(.vector_new_4)
 *(.vector_4)
                0x00000001                ASSERT (((_vector_spacing == 0x0) || (SIZEOF (.vector_4) <= (_vector_spacing << 0x5))), function at exception vector 4 too large)

.vector_5       0x9d0002a0        0x0
 *(.vector_new_5)
 *(.vector_5)
                0x00000001                ASSERT (((_vector_spacing == 0x0) || (SIZEOF (.vector_5) <= (_vector_spacing << 0x5))), function at exception vector 5 too large)

.vector_6       0x9d0002c0        0x0
 *(.vector_new_6)
 *(.vector_6)
                0x00000001                ASSERT (((_vector_spacing == 0x0) || (SIZEOF (.vector_6) <= (_vector_spacing << 0x5))), function at exception vector 6 too large)

.vector_7       0x9d0002e0        0x0
 *(.vector_new_7)
 *(.vector_7)
                0x00000001                ASSERT (((_vector_spacing == 0x0) || (SIZEOF (.vector_7) <= (_vector_spacing << 0x5))), function at exception vector 7 too large)

.vector_8       0x9d000300        0x0
 *(.vector_new_8)
 *(.vector_8)
                0x00000001                ASSERT (((_vector_spacing == 0x0) || (SIZEOF (.vector_8) <= (_vector_spacing << 0x5))), function at exception vector 8 too large)

.vector_9       0x9d000320        0x0
 *(.vector_new_9)
 *(.vector_9)
                0x00000001                ASSERT (((_vector_spacing == 0x0) || (SIZEOF (.vector_9) <= (_vector_spacing << 0x5))), function at exception vector 9 too large)

.vector_10      0x9d000340        0x0
 *(.vector_new_10)
 *(.vector_10)
                0x00000001                ASSERT (((_vector_spacing == 0x0) || (SIZEOF (.vector_10) <= (_vector_spacing << 0x5))), function at exception vector 10 too large)

.vector_11      0x9d000360        0x0
 *(.vector_new_11)
 *(.vector_11)
                0x00000001                ASSERT (((_vector_spacing == 0x0) || (SIZEOF (.vector_11) <= (_vector_spacing << 0x5))), function at exception vector 11 too large)

.vector_12      0x9d000380        0x0
 *(.vector_new_12)
 *(.vector_12)
                0x00000001                ASSERT (((_vector_spacing == 0x0) || (SIZEOF (.vector_12) <= (_vector_spacing << 0x5))), function at exception vector 12 too large)

.vector_13      0x9d0003a0        0x0
 *(.vector_new_13)
 *(.vector_13)
                0x00000001                ASSERT (((_vector_spacing == 0x0) || (SIZEOF (.vector_13) <= (_vector_spacing << 0x5))), function at exception vector 13 too large)

.vector_14      0x9d0003c0        0x0
 *(.vector_new_14)
 *(.vector_14)
                0x00000001                ASSERT (((_vector_spacing == 0x0) || (SIZEOF (.vector_14) <= (_vector_spacing << 0x5))), function at exception vector 14 too large)

.vector_15      0x9d0003e0        0x0
 *(.vector_new_15)
 *(.vector_15)
                0x00000001                ASSERT (((_vector_spacing == 0x0) || (SIZEOF (.vector_15) <= (_vector_spacing << 0x5))), function at exception vector 15 too large)

.vector_16      0x9d000400        0x0
 *(.vector_new_16)
 *(.vector_16)
                0x00000001                ASSERT (((_vector_spacing == 0x0) || (SIZEOF (.vector_16) <= (_vector_spacing << 0x5))), function at exception vector 16 too large)

.vector_17      0x9d000420        0x0
 *(.vector_new_17)
 *(.vector_17)
                0x00000001                ASSERT (((_vector_spacing == 0x0) || (SIZEOF (.vector_17) <= (_vector_spacing << 0x5))), function at exception vector 17 too large)

.vector_18      0x9d000440        0x0
 *(.vector_new_18)
 *(.vector_18)
                0x00000001                ASSERT (((_vector_spacing == 0x0) || (SIZEOF (.vector_18) <= (_vector_spacing << 0x5))), function at exception vector 18 too large)

.vector_19      0x9d000460        0x0
 *(.vector_new_19)
 *(.vector_19)
                0x00000001                ASSERT (((_vector_spacing == 0x0) || (SIZEOF (.vector_19) <= (_vector_spacing << 0x5))), function at exception vector 19 too large)

.vector_20      0x9d000480        0x0
 *(.vector_new_20)
 *(.vector_20)
                0x00000001                ASSERT (((_vector_spacing == 0x0) || (SIZEOF (.vector_20) <= (_vector_spacing << 0x5))), function at exception vector 20 too large)

.vector_21      0x9d0004a0        0x0
 *(.vector_new_21)
 *(.vector_21)
                0x00000001                ASSERT (((_vector_spacing == 0x0) || (SIZEOF (.vector_21) <= (_vector_spacing << 0x5))), function at exception vector 21 too large)

.vector_22      0x9d0004c0        0x0
 *(.vector_new_22)
 *(.vector_22)
                0x00000001                ASSERT (((_vector_spacing == 0x0) || (SIZEOF (.vector_22) <= (_vector_spacing << 0x5))), function at exception vector 22 too large)

.vector_23      0x9d0004e0        0x0
 *(.vector_new_23)
 *(.vector_23)
                0x00000001                ASSERT (((_vector_spacing == 0x0) || (SIZEOF (.vector_23) <= (_vector_spacing << 0x5))), function at exception vector 23 too large)

.vector_24      0x9d000500        0x0
 *(.vector_new_24)
 *(.vector_24)
                0x00000001                ASSERT (((_vector_spacing == 0x0) || (SIZEOF (.vector_24) <= (_vector_spacing << 0x5))), function at exception vector 24 too large)

.vector_25      0x9d000520        0x0
 *(.vector_new_25)
 *(.vector_25)
                0x00000001                ASSERT (((_vector_spacing == 0x0) || (SIZEOF (.vector_25) <= (_vector_spacing << 0x5))), function at exception vector 25 too large)

.vector_26      0x9d000540        0x0
 *(.vector_new_26)
 *(.vector_26)
                0x00000001                ASSERT (((_vector_spacing == 0x0) || (SIZEOF (.vector_26) <= (_vector_spacing << 0x5))), function at exception vector 26 too large)

.vector_27      0x9d000560        0x0
 *(.vector_new_27)
 *(.vector_27)
                0x00000001                ASSERT (((_vector_spacing == 0x0) || (SIZEOF (.vector_27) <= (_vector_spacing << 0x5))), function at exception vector 27 too large)

.vector_28      0x9d000580        0x0
 *(.vector_new_28)
 *(.vector_28)
                0x00000001                ASSERT (((_vector_spacing == 0x0) || (SIZEOF (.vector_28) <= (_vector_spacing << 0x5))), function at exception vector 28 too large)

.vector_29      0x9d0005a0        0x0
 *(.vector_new_29)
 *(.vector_29)
                0x00000001                ASSERT (((_vector_spacing == 0x0) || (SIZEOF (.vector_29) <= (_vector_spacing << 0x5))), function at exception vector 29 too large)

.vector_30      0x9d0005c0        0x0
 *(.vector_new_30)
 *(.vector_30)
                0x00000001                ASSERT (((_vector_spacing == 0x0) || (SIZEOF (.vector_30) <= (_vector_spacing << 0x5))), function at exception vector 30 too large)

.vector_31      0x9d0005e0        0x0
 *(.vector_new_31)
 *(.vector_31)
                0x00000001                ASSERT (((_vector_spacing == 0x0) || (SIZEOF (.vector_31) <= (_vector_spacing << 0x5))), function at exception vector 31 too large)

.vector_32      0x9d000600        0x0
 *(.vector_new_32)
 *(.vector_32)
                0x00000001                ASSERT (((_vector_spacing == 0x0) || (SIZEOF (.vector_32) <= (_vector_spacing << 0x5))), function at exception vector 32 too large)

.vector_33      0x9d000620        0x0
 *(.vector_new_33)
 *(.vector_33)
                0x00000001                ASSERT (((_vector_spacing == 0x0) || (SIZEOF (.vector_33) <= (_vector_spacing << 0x5))), function at exception vector 33 too large)

.vector_34      0x9d000640        0x0
 *(.vector_new_34)
 *(.vector_34)
                0x00000001                ASSERT (((_vector_spacing == 0x0) || (SIZEOF (.vector_34) <= (_vector_spacing << 0x5))), function at exception vector 34 too large)

.vector_35      0x9d000660        0x0
 *(.vector_new_35)
 *(.vector_35)
                0x00000001                ASSERT (((_vector_spacing == 0x0) || (SIZEOF (.vector_35) <= (_vector_spacing << 0x5))), function at exception vector 35 too large)

.vector_36      0x9d000680        0x0
 *(.vector_new_36)
 *(.vector_36)
                0x00000001                ASSERT (((_vector_spacing == 0x0) || (SIZEOF (.vector_36) <= (_vector_spacing << 0x5))), function at exception vector 36 too large)

.vector_37      0x9d0006a0        0x0
 *(.vector_new_37)
 *(.vector_37)
                0x00000001                ASSERT (((_vector_spacing == 0x0) || (SIZEOF (.vector_37) <= (_vector_spacing << 0x5))), function at exception vector 37 too large)

.vector_38      0x9d0006c0        0x0
 *(.vector_new_38)
 *(.vector_38)
                0x00000001                ASSERT (((_vector_spacing == 0x0) || (SIZEOF (.vector_38) <= (_vector_spacing << 0x5))), function at exception vector 38 too large)

.vector_39      0x9d0006e0        0x0
 *(.vector_new_39)
 *(.vector_39)
                0x00000001                ASSERT (((_vector_spacing == 0x0) || (SIZEOF (.vector_39) <= (_vector_spacing << 0x5))), function at exception vector 39 too large)

.vector_40      0x9d000700        0x0
 *(.vector_new_40)
 *(.vector_40)
                0x00000001                ASSERT (((_vector_spacing == 0x0) || (SIZEOF (.vector_40) <= (_vector_spacing << 0x5))), function at exception vector 40 too large)

.vector_41      0x9d000720        0x0
 *(.vector_new_41)
 *(.vector_41)
                0x00000001                ASSERT (((_vector_spacing == 0x0) || (SIZEOF (.vector_41) <= (_vector_spacing << 0x5))), function at exception vector 41 too large)

.vector_42      0x9d000740        0x0
 *(.vector_new_42)
 *(.vector_42)
                0x00000001                ASSERT (((_vector_spacing == 0x0) || (SIZEOF (.vector_42) <= (_vector_spacing << 0x5))), function at exception vector 42 too large)

.vector_43      0x9d000760        0x0
 *(.vector_new_43)
 *(.vector_43)
                0x00000001                ASSERT (((_vector_spacing == 0x0) || (SIZEOF (.vector_43) <= (_vector_spacing << 0x5))), function at exception vector 43 too large)

.vector_44      0x9d000780        0x0
 *(.vector_new_44)
 *(.vector_44)
                0x00000001                ASSERT (((_vector_spacing == 0x0) || (SIZEOF (.vector_44) <= (_vector_spacing << 0x5))), function at exception vector 44 too large)

.vector_45      0x9d0007a0        0x0
 *(.vector_new_45)
 *(.vector_45)
                0x00000001                ASSERT (((_vector_spacing == 0x0) || (SIZEOF (.vector_45) <= (_vector_spacing << 0x5))), function at exception vector 45 too large)

.vector_46      0x9d0007c0        0x0
 *(.vector_new_46)
 *(.vector_46)
                0x00000001                ASSERT (((_vector_spacing == 0x0) || (SIZEOF (.vector_46) <= (_vector_spacing << 0x5))), function at exception vector 46 too large)

.vector_47      0x9d0007e0        0x0
 *(.vector_new_47)
 *(.vector_47)
                0x00000001                ASSERT (((_vector_spacing == 0x0) || (SIZEOF (.vector_47) <= (_vector_spacing << 0x5))), function at exception vector 47 too large)

.vector_48      0x9d000800        0x0
 *(.vector_new_48)
 *(.vector_48)
                0x00000001                ASSERT (((_vector_spacing == 0x0) || (SIZEOF (.vector_48) <= (_vector_spacing << 0x5))), function at exception vector 48 too large)

.vector_49      0x9d000820        0x0
 *(.vector_new_49)
 *(.vector_49)
                0x00000001                ASSERT (((_vector_spacing == 0x0) || (SIZEOF (.vector_49) <= (_vector_spacing << 0x5))), function at exception vector 49 too large)

.vector_50      0x9d000840        0x0
 *(.vector_new_50)
 *(.vector_50)
                0x00000001                ASSERT (((_vector_spacing == 0x0) || (SIZEOF (.vector_50) <= (_vector_spacing << 0x5))), function at exception vector 50 too large)

.vector_51      0x9d000860        0x0
 *(.vector_new_51)
 *(.vector_51)
                0x00000001                ASSERT (((_vector_spacing == 0x0) || (SIZEOF (.vector_51) <= (_vector_spacing << 0x5))), function at exception vector 51 too large)

.vector_52      0x9d000880        0x0
 *(.vector_new_52)
 *(.vector_52)
                0x00000001                ASSERT (((_vector_spacing == 0x0) || (SIZEOF (.vector_52) <= (_vector_spacing << 0x5))), function at exception vector 52 too large)

.vector_53      0x9d0008a0        0x0
 *(.vector_new_53)
 *(.vector_53)
                0x00000001                ASSERT (((_vector_spacing == 0x0) || (SIZEOF (.vector_53) <= (_vector_spacing << 0x5))), function at exception vector 53 too large)

.vector_54      0x9d0008c0        0x0
 *(.vector_new_54)
 *(.vector_54)
                0x00000001                ASSERT (((_vector_spacing == 0x0) || (SIZEOF (.vector_54) <= (_vector_spacing << 0x5))), function at exception vector 54 too large)

.vector_55      0x9d0008e0        0x0
 *(.vector_new_55)
 *(.vector_55)
                0x00000001                ASSERT (((_vector_spacing == 0x0) || (SIZEOF (.vector_55) <= (_vector_spacing << 0x5))), function at exception vector 55 too large)

.vector_56      0x9d000900        0x0
 *(.vector_new_56)
 *(.vector_56)
                0x00000001                ASSERT (((_vector_spacing == 0x0) || (SIZEOF (.vector_56) <= (_vector_spacing << 0x5))), function at exception vector 56 too large)

.vector_57      0x9d000920        0x0
 *(.vector_new_57)
 *(.vector_57)
                0x00000001                ASSERT (((_vector_spacing == 0x0) || (SIZEOF (.vector_57) <= (_vector_spacing << 0x5))), function at exception vector 57 too large)

.vector_58      0x9d000940        0x0
 *(.vector_new_58)
 *(.vector_58)
                0x00000001                ASSERT (((_vector_spacing == 0x0) || (SIZEOF (.vector_58) <= (_vector_spacing << 0x5))), function at exception vector 58 too large)

.vector_59      0x9d000960        0x0
 *(.vector_new_59)
 *(.vector_59)
                0x00000001                ASSERT (((_vector_spacing == 0x0) || (SIZEOF (.vector_59) <= (_vector_spacing << 0x5))), function at exception vector 59 too large)

.vector_60      0x9d000980        0x0
 *(.vector_new_60)
 *(.vector_60)
                0x00000001                ASSERT (((_vector_spacing == 0x0) || (SIZEOF (.vector_60) <= (_vector_spacing << 0x5))), function at exception vector 60 too large)

.vector_61      0x9d0009a0        0x0
 *(.vector_new_61)
 *(.vector_61)
                0x00000001                ASSERT (((_vector_spacing == 0x0) || (SIZEOF (.vector_61) <= (_vector_spacing << 0x5))), function at exception vector 61 too large)

.vector_62      0x9d0009c0        0x0
 *(.vector_new_62)
 *(.vector_62)
                0x00000001                ASSERT (((_vector_spacing == 0x0) || (SIZEOF (.vector_62) <= (_vector_spacing << 0x5))), function at exception vector 62 too large)

.vector_63      0x9d0009e0        0x0
 *(.vector_new_63)
 *(.vector_63)
                0x00000001                ASSERT (((_vector_spacing == 0x0) || (SIZEOF (.vector_63) <= (_vector_spacing << 0x5))), function at exception vector 63 too large)

.startup
 *(.startup)

.text           0x9d001010        0x0
                0x9d001010                _text_begin = .
 *(.stub .gnu.linkonce.t.*)
 *(.text.*personality*)
 *(.mips16.fn.*)
 *(.mips16.call.*)
 *(.gnu.warning)
                0x9d001010                . = ALIGN (0x4)

.init           0x9d001010       0x1c
 *crti.o(.init)
 *crtbegin.o(.init)
 .init          0x9d001010        0x8 c:/program files (x86)/microchip/xc32/v1.34/bin/bin/../../lib/gcc/pic32mx/4.5.2/size\crtbegin.o
 *(EXCLUDE_FILE(*crtn.o *crtend?.o *crtend.o) .init)
 *crtend.o(.init)
 .init          0x9d001018        0x8 c:/program files (x86)/microchip/xc32/v1.34/bin/bin/../../lib/gcc/pic32mx/4.5.2/size\crtend.o
 *crtn.o(.init)
 .init          0x9d001020        0xc c:/program files (x86)/microchip/xc32/v1.34/bin/bin/../../lib/gcc/pic32mx/4.5.2/../../../../pic32mx/lib/size\crtn.o
                0x9d00102c                . = ALIGN (0x4)

.fini           0x9d00102c       0x14
 *(.fini)
 .fini          0x9d00102c        0x8 c:/program files (x86)/microchip/xc32/v1.34/bin/bin/../../lib/gcc/pic32mx/4.5.2/size\crtbegin.o
 .fini          0x9d001034        0xc c:/program files (x86)/microchip/xc32/v1.34/bin/bin/../../lib/gcc/pic32mx/4.5.2/../../../../pic32mx/lib/size\crtn.o
                0x9d001040                . = ALIGN (0x4)

.preinit_array  0x9d001040        0x0
                0x9d001040                PROVIDE (__preinit_array_start, .)
 *(.preinit_array)
                0x9d001040                . = ALIGN (0x4)
                0x9d001040                PROVIDE (__preinit_array_end, .)
 *(.preinit_array)
                0x9d001040                . = ALIGN (0x4)

.init_array     0x9d001040        0x0
                0x9d001040                PROVIDE (__init_array_start, .)
 *(SORT(.init_array.*))
 *(.init_array)
                0x9d001040                . = ALIGN (0x4)
                0x9d001040                PROVIDE (__init_array_end, .)

.fini_array     0x9d001040        0x0
                0x9d001040                PROVIDE (__fini_array_start, .)
 *(SORT(.fini_array.*))
 *(.fini_array)
                0x9d001040                . = ALIGN (0x4)
                0x9d001040                PROVIDE (__fini_array_end, .)

.ctors          0x9d001040        0x8
 *crtbegin.o(.ctors)
 .ctors         0x9d001040        0x4 c:/program files (x86)/microchip/xc32/v1.34/bin/bin/../../lib/gcc/pic32mx/4.5.2/size\crtbegin.o
 *crtbegin?.o(.ctors)
 *(EXCLUDE_FILE(*crtend?.o *crtend.o) .ctors)
 *(SORT(.ctors.*))
 *(.ctors)
 .ctors         0x9d001044        0x4 c:/program files (x86)/microchip/xc32/v1.34/bin/bin/../../lib/gcc/pic32mx/4.5.2/size\crtend.o
                0x9d001048                . = ALIGN (0x4)

.dtors          0x9d001048        0x8
 *crtbegin.o(.dtors)
 .dtors         0x9d001048        0x4 c:/program files (x86)/microchip/xc32/v1.34/bin/bin/../../lib/gcc/pic32mx/4.5.2/size\crtbegin.o
 *crtbegin?.o(.dtors)
 *(EXCLUDE_FILE(*crtend?.o *crtend.o) .dtors)
 *(SORT(.dtors.*))
 *(.dtors)
 .dtors         0x9d00104c        0x4 c:/program files (x86)/microchip/xc32/v1.34/bin/bin/../../lib/gcc/pic32mx/4.5.2/size\crtend.o
                0x9d00104c                __DTOR_END__
                0x9d001050                . = ALIGN (0x4)

.header_info    0x9d001050       0x48
                0x9d001050                _image_header_info = .
                0x9d001050        0x4 LONG 0x48 SIZEOF (.header_info)
                0x9d001054        0x4 LONG 0xffffffff
 *(.mpide_version *.mpide_version.*)
                0x9d001058        0x4 LONG 0xffffffff
                0x9d00105c        0x4 LONG 0xffffffff
                0x9d001060        0x4 LONG 0x1020001 _IMAGE_TYPE
                0x9d001064        0x4 LONG 0x9d001000 _JUMP_ADDR
                0x9d001068        0x4 LONG 0x9d000000 _ebase_address
                0x9d00106c        0x4 LONG 0x1e000 _IMAGE_FLASH_SIZE
                0x9d001070        0x4 LONG 0x9d01e000 ORIGIN (kseg0_eeprom_mem)
                0x9d001074        0x4 LONG 0x1000
                0x9d001078        0x4 LONG 0xbfc00bf0 ORIGIN (configsfrs)
                0x9d00107c        0x4 LONG 0x10
                0x9d001080        0x4 LONG 0xa0000000 _ram_header_addr
                0x9d001084        0x4 LONG 0x8 SIZEOF (.ram_exchange_data)
                0x9d001088        0x4 LONG 0xffffffff
                0x9d00108c        0x4 LONG 0x9d000200 _original_vector_0
                0x9d001090        0x4 LONG 0x9d000200 _new_vector_0
                0x9d001094        0x4 LONG 0x20 (_vector_spacing << 0x5)
                0x9d001098                _image_header_info_end = .

.rodata         0x9d001098        0x0
 *(.gnu.linkonce.r.*)
 *(.rodata1)
                0x9d001098                . = ALIGN (0x4)

.sdata2         0x9d001098        0x0
 *(.sdata2 .sdata2.* .gnu.linkonce.s2.*)
                0x9d001098                . = ALIGN (0x4)

.sbss2          0x9d001098        0x0
 *(.sbss2 .sbss2.* .gnu.linkonce.sb2.*)
                0x9d001098                . = ALIGN (0x4)

.dbg_data       0xa0000000        0x0
                0xa0000000                . = (. + DEFINED (_DEBUGGER)?0x200:0x0)

.ram_exchange_data
                0xa0000000        0x8
                0xa0000000                _ram_header_addr = .
                0xa0000008                . = (. + 0x8)
 *fill*         0xa0000000        0x8 

.persist        0xa0000008        0x0
                0xa0000008                _persist_begin = .
 *(.persist .persist.*)
                0xa0000008                . = ALIGN (0x4)
                0xa0000008                _persist_end = .
                0x00000001                ASSERT ((_persist_end <= (ORIGIN (kseg1_data_mem) + 0x600)), Bootloader does not preserve debug, RAM Header, or persistent data beyond the first 1.5K)
                0xa0000008                _protected_end = ((_IMAGE_TYPE & ((_imageSplitFlashBootloader | _imageProgramFlashBootloader) | _imageBootFlashBootloader)) != 0x0)?(ORIGIN (kseg1_data_mem) + 0x600):.

.protected_bootloader
                0xa0000000        0x0
                0xa0000000                . = (. + ((_IMAGE_TYPE & ((_imageSplitFlashBootloader | _imageProgramFlashBootloader) | _imageBootFlashBootloader)) != 0x0)?(ORIGIN (kseg1_data_mem) + 0x600):0x0)

.data           0xa0000008        0x0
                0xa0000008                _data_begin = .
 *(.gnu.linkonce.d.*)
 *(.gnu.linkonce.d.*personality*)
 *(.data1)
                0xa0000008                . = ALIGN (0x4)
                0xa0000008                _data_image_begin = LOADADDR (.data)
                0xa0000008                . = .
                0xa0008000                _gp = (ALIGN (0x10) + 0x7ff0)

.got
 *(.got.plt)
 *(.got)

.sdata          0xa0000008        0x0
                0xa0000008                _sdata_begin = .
 *(.gnu.linkonce.s.*)
                0xa0000008                . = ALIGN (0x4)
                0xa0000008                _sdata_end = .

.lit8           0xa0000008        0x0
 *(.lit8)
                0xa0000008                . = ALIGN (0x4)

.lit4
 *(.lit4)
                0xa0000008                . = ALIGN (0x4)
                0xa0000008                _data_end = .
                0xa0000008                _bss_begin = .

.sbss           0xa0000008       0x28
                0xa0000008                _sbss_begin = .
 *(.dynsbss)
 *(.sbss .sbss.* .gnu.linkonce.sb.*)
 .sbss          0xa0000008       0x10 build/default/production/MPU.o
 .sbss          0xa0000018        0x1 c:/program files (x86)/microchip/xc32/v1.34/bin/bin/../../lib/gcc/pic32mx/4.5.2/../../../../pic32mx/lib/size\libc.a(_iob.o)
                0xa0000018                _outdone
 *(.scommon)
 *fill*         0xa0000019        0x3 
 .scommon       0xa000001c        0xc build/default/production/Main.o
                0xa000001c                g
                0xa0000020                Rx2
                0xa0000024                Rx1
 .scommon       0xa0000028        0x1 build/default/production/mOLED.o
                0xa0000028                mOLED_Pen_Colour
 *fill*         0xa0000029        0x3 
 .scommon       0xa000002c        0x4 build/default/production/MPU.o
                0xa000002c                curr_I2C_Addr
                0xa0000030                . = ALIGN (0x4)
                0xa0000030                _sbss_end = .

.bss            0xa0000030      0x240
 *(.dynbss)
 *(.gnu.linkonce.b.*)
 *(COMMON)
 COMMON         0xa0000030       0x40 build/default/production/Main.o
                0xa0000030                OS_Str_1
 COMMON         0xa0000070      0x200 build/default/production/mOLED.o
                0xa0000070                mOLED_Screen_Mem
                0xa0000270                . = ALIGN (0x4)
                0xa0000270                . = ALIGN (0x4)
                0xa0000270                _end = .
                0xa0000270                _bss_end = .
                0x00008000                _bmxdudba_address = 0x8000
                0x00008000                _bmxdupba_address = 0x8000

.gcc_compiled_long32
 *(.gcc_compiled_long32)

.gcc_compiled_long64
 *(.gcc_compiled_long64)

.stab
 *(.stab)

.stabstr
 *(.stabstr)

.stab.excl
 *(.stab.excl)

.stab.exclstr
 *(.stab.exclstr)

.stab.index
 *(.stab.index)

.stab.indexstr
 *(.stab.indexstr)

.comment        0x00000000       0xc6
 *(.comment)
 .comment       0x00000000       0x3c build/default/production/TweeqLib.o
                                 0x3d (size before relaxing)
 .comment       0x00000000       0x3d build/default/production/Main.o
 .comment       0x00000000       0x3d build/default/production/mOLED.o
 .comment       0x00000000       0x3d build/default/production/mOLED_Font.o
 .comment       0x00000000       0x3d build/default/production/MPU.o
 .comment       0x0000003c       0x3c c:/program files (x86)/microchip/xc32/v1.34/bin/bin/../../lib/gcc/pic32mx/4.5.2/../../../../pic32mx/lib/size\libmchp_peripheral.a(read_core_timer_lib.o)
                                 0x3d (size before relaxing)
 .comment       0x00000000       0x3d c:/program files (x86)/microchip/xc32/v1.34/bin/bin/../../lib/gcc/pic32mx/4.5.2/../../../../pic32mx/lib/size\libmchp_peripheral.a(write_core_timer_lib.o)
 .comment       0x00000000       0x3d c:/program files (x86)/microchip/xc32/v1.34/bin/bin/../../lib/gcc/pic32mx/4.5.2/../../../../pic32mx/lib/size\libmchp_peripheral_32MX150F128B.a(uart_lib.o)
 .comment       0x00000000       0x3d c:/program files (x86)/microchip/xc32/v1.34/bin/bin/../../lib/gcc/pic32mx/4.5.2/../../../../pic32mx/lib/size\libmchp_peripheral_32MX150F128B.a(puts_uartx_lib_legacy.o)
 .comment       0x00000000       0x3d c:/program files (x86)/microchip/xc32/v1.34/bin/bin/../../lib/gcc/pic32mx/4.5.2/../../../../pic32mx/lib/size\libmchp_peripheral_32MX150F128B.a(I2CBusIsIdle.o)
 .comment       0x00000000       0x3d c:/program files (x86)/microchip/xc32/v1.34/bin/bin/../../lib/gcc/pic32mx/4.5.2/../../../../pic32mx/lib/size\libmchp_peripheral_32MX150F128B.a(I2CGetByte.o)
 .comment       0x00000000       0x3d c:/program files (x86)/microchip/xc32/v1.34/bin/bin/../../lib/gcc/pic32mx/4.5.2/../../../../pic32mx/lib/size\libmchp_peripheral_32MX150F128B.a(I2CGetStatus.o)
 .comment       0x00000000       0x3d c:/program files (x86)/microchip/xc32/v1.34/bin/bin/../../lib/gcc/pic32mx/4.5.2/../../../../pic32mx/lib/size\libmchp_peripheral_32MX150F128B.a(I2CReceivedDataIsAvailable.o)
 .comment       0x00000000       0x3d c:/program files (x86)/microchip/xc32/v1.34/bin/bin/../../lib/gcc/pic32mx/4.5.2/../../../../pic32mx/lib/size\libmchp_peripheral_32MX150F128B.a(I2CReceiverEnable.o)
 .comment       0x00000000       0x3d c:/program files (x86)/microchip/xc32/v1.34/bin/bin/../../lib/gcc/pic32mx/4.5.2/../../../../pic32mx/lib/size\libmchp_peripheral_32MX150F128B.a(I2CSendByte.o)
 .comment       0x00000000       0x3d c:/program files (x86)/microchip/xc32/v1.34/bin/bin/../../lib/gcc/pic32mx/4.5.2/../../../../pic32mx/lib/size\libmchp_peripheral_32MX150F128B.a(I2CStart.o)
 .comment       0x00000000       0x3d c:/program files (x86)/microchip/xc32/v1.34/bin/bin/../../lib/gcc/pic32mx/4.5.2/../../../../pic32mx/lib/size\libmchp_peripheral_32MX150F128B.a(I2CStop.o)
 .comment       0x00000000       0x3d c:/program files (x86)/microchip/xc32/v1.34/bin/bin/../../lib/gcc/pic32mx/4.5.2/../../../../pic32mx/lib/size\libmchp_peripheral_32MX150F128B.a(I2CTransmissionHasCompleted.o)
 .comment       0x00000000       0x3d c:/program files (x86)/microchip/xc32/v1.34/bin/bin/../../lib/gcc/pic32mx/4.5.2/../../../../pic32mx/lib/size\libmchp_peripheral_32MX150F128B.a(I2CTransmitterIsReady.o)
 .comment       0x00000000       0x3d c:/program files (x86)/microchip/xc32/v1.34/bin/bin/../../lib/gcc/pic32mx/4.5.2/../../../../pic32mx/lib/size\libmchp_peripheral_32MX150F128B.a(I2CPrivate.o)
 .comment       0x00000000       0x3d c:/program files (x86)/microchip/xc32/v1.34/bin/bin/../../lib/gcc/pic32mx/4.5.2/size\crtbegin.o
 .comment       0x00000000       0x3d c:/program files (x86)/microchip/xc32/v1.34/bin/bin/../../lib/gcc/pic32mx/4.5.2/size\crtend.o
 .comment       0x00000000       0x3d c:/program files (x86)/microchip/xc32/v1.34/bin/bin/../../lib/gcc/pic32mx/4.5.2/size\libgcc.a(floatunsisf.o)
 .comment       0x00000000       0x3d c:/program files (x86)/microchip/xc32/v1.34/bin/bin/../../lib/gcc/pic32mx/4.5.2/../../../../pic32mx/lib/size\libc.a(itoa.o)
 .comment       0x00000000       0x3d c:/program files (x86)/microchip/xc32/v1.34/bin/bin/../../lib/gcc/pic32mx/4.5.2/../../../../pic32mx/lib/size\libc.a(sprintf_cdnopuxX.eo)
 .comment       0x00000000       0x3d c:/program files (x86)/microchip/xc32/v1.34/bin/bin/../../lib/gcc/pic32mx/4.5.2/../../../../pic32mx/lib/size\libc.a(doprnt_cdnopuxX.eo)
 .comment       0x00000000       0x3d c:/program files (x86)/microchip/xc32/v1.34/bin/bin/../../lib/gcc/pic32mx/4.5.2/../../../../pic32mx/lib/size\libc.a(_fputc_simple.o)
 .comment       0x00000078       0x4e c:/program files (x86)/microchip/xc32/v1.34/bin/bin/../../lib/gcc/pic32mx/4.5.2/../../../../pic32mx/lib/size\libc.a(ctype.o)
                                 0x8b (size before relaxing)
 .comment       0x00000000       0x3d c:/program files (x86)/microchip/xc32/v1.34/bin/bin/../../lib/gcc/pic32mx/4.5.2/../../../../pic32mx/lib/size\libc.a(_iob.o)
 .comment       0x00000000       0x3d c:/program files (x86)/microchip/xc32/v1.34/bin/bin/../../lib/gcc/pic32mx/4.5.2/../../../../pic32mx/lib/size\libc.a(_flsbuf_simple.o)
 .comment       0x00000000       0x3d c:/program files (x86)/microchip/xc32/v1.34/bin/bin/../../lib/gcc/pic32mx/4.5.2/../../../../pic32mx/lib/size\libpic32.a(write.o)
 .comment       0x00000000       0x3d c:/program files (x86)/microchip/xc32/v1.34/bin/bin/../../lib/gcc/pic32mx/4.5.2/../../../../pic32mx/lib/size\libpic32.a(_mon_putc.o)
 .comment       0x00000000       0x3d c:/program files (x86)/microchip/xc32/v1.34/bin/bin/../../lib/gcc/pic32mx/4.5.2/../../../../pic32mx/lib/size\libpic32.a(xc32_uart.o)
 .comment       0x00000000       0x3d c:/program files (x86)/microchip/xc32/v1.34/bin/bin/../../lib/gcc/pic32mx/4.5.2/size\libgcc.a(_lshrdi3.o)
 .comment       0x00000000       0x3d c:/program files (x86)/microchip/xc32/v1.34/bin/bin/../../lib/gcc/pic32mx/4.5.2/size\libgcc.a(_udivdi3.o)
 .comment       0x00000000       0x3d c:/program files (x86)/microchip/xc32/v1.34/bin/bin/../../lib/gcc/pic32mx/4.5.2/size\libgcc.a(_umoddi3.o)

.debug
 *(.debug)

.line
 *(.line)

.debug_srcinfo
 *(.debug_srcinfo)

.debug_sfnames
 *(.debug_sfnames)

.debug_aranges  0x00000000      0x418
 *(.debug_aranges)
 .debug_aranges
                0x00000000       0x20 build/default/production/TweeqLib.o
 .debug_aranges
                0x00000020       0x20 build/default/production/Main.o
 .debug_aranges
                0x00000040       0x20 build/default/production/mOLED.o
 .debug_aranges
                0x00000060       0x20 build/default/production/MPU.o
 .debug_aranges
                0x00000080       0x30 build/default/production/crt0.o
 .debug_aranges
                0x000000b0       0x20 c:/program files (x86)/microchip/xc32/v1.34/bin/bin/../../lib/gcc/pic32mx/4.5.2/../../../../pic32mx/lib/size\libmchp_peripheral.a(read_core_timer_lib.o)
 .debug_aranges
                0x000000d0       0x20 c:/program files (x86)/microchip/xc32/v1.34/bin/bin/../../lib/gcc/pic32mx/4.5.2/../../../../pic32mx/lib/size\libmchp_peripheral.a(write_core_timer_lib.o)
 .debug_aranges
                0x000000f0       0x58 c:/program files (x86)/microchip/xc32/v1.34/bin/bin/../../lib/gcc/pic32mx/4.5.2/../../../../pic32mx/lib/size\libmchp_peripheral_32MX150F128B.a(uart_lib.o)
 .debug_aranges
                0x00000148       0x28 c:/program files (x86)/microchip/xc32/v1.34/bin/bin/../../lib/gcc/pic32mx/4.5.2/../../../../pic32mx/lib/size\libmchp_peripheral_32MX150F128B.a(puts_uartx_lib_legacy.o)
 .debug_aranges
                0x00000170       0x20 c:/program files (x86)/microchip/xc32/v1.34/bin/bin/../../lib/gcc/pic32mx/4.5.2/../../../../pic32mx/lib/size\libmchp_peripheral_32MX150F128B.a(I2CBusIsIdle.o)
 .debug_aranges
                0x00000190       0x20 c:/program files (x86)/microchip/xc32/v1.34/bin/bin/../../lib/gcc/pic32mx/4.5.2/../../../../pic32mx/lib/size\libmchp_peripheral_32MX150F128B.a(I2CGetByte.o)
 .debug_aranges
                0x000001b0       0x20 c:/program files (x86)/microchip/xc32/v1.34/bin/bin/../../lib/gcc/pic32mx/4.5.2/../../../../pic32mx/lib/size\libmchp_peripheral_32MX150F128B.a(I2CGetStatus.o)
 .debug_aranges
                0x000001d0       0x20 c:/program files (x86)/microchip/xc32/v1.34/bin/bin/../../lib/gcc/pic32mx/4.5.2/../../../../pic32mx/lib/size\libmchp_peripheral_32MX150F128B.a(I2CReceivedDataIsAvailable.o)
 .debug_aranges
                0x000001f0       0x20 c:/program files (x86)/microchip/xc32/v1.34/bin/bin/../../lib/gcc/pic32mx/4.5.2/../../../../pic32mx/lib/size\libmchp_peripheral_32MX150F128B.a(I2CReceiverEnable.o)
 .debug_aranges
                0x00000210       0x20 c:/program files (x86)/microchip/xc32/v1.34/bin/bin/../../lib/gcc/pic32mx/4.5.2/../../../../pic32mx/lib/size\libmchp_peripheral_32MX150F128B.a(I2CSendByte.o)
 .debug_aranges
                0x00000230       0x20 c:/program files (x86)/microchip/xc32/v1.34/bin/bin/../../lib/gcc/pic32mx/4.5.2/../../../../pic32mx/lib/size\libmchp_peripheral_32MX150F128B.a(I2CStart.o)
 .debug_aranges
                0x00000250       0x20 c:/program files (x86)/microchip/xc32/v1.34/bin/bin/../../lib/gcc/pic32mx/4.5.2/../../../../pic32mx/lib/size\libmchp_peripheral_32MX150F128B.a(I2CStop.o)
 .debug_aranges
                0x00000270       0x20 c:/program files (x86)/microchip/xc32/v1.34/bin/bin/../../lib/gcc/pic32mx/4.5.2/../../../../pic32mx/lib/size\libmchp_peripheral_32MX150F128B.a(I2CTransmissionHasCompleted.o)
 .debug_aranges
                0x00000290       0x20 c:/program files (x86)/microchip/xc32/v1.34/bin/bin/../../lib/gcc/pic32mx/4.5.2/../../../../pic32mx/lib/size\libmchp_peripheral_32MX150F128B.a(I2CTransmitterIsReady.o)
 .debug_aranges
                0x000002b0       0x20 c:/program files (x86)/microchip/xc32/v1.34/bin/bin/../../lib/gcc/pic32mx/4.5.2/size\libgcc.a(floatunsisf.o)
 .debug_aranges
                0x000002d0       0x28 c:/program files (x86)/microchip/xc32/v1.34/bin/bin/../../lib/gcc/pic32mx/4.5.2/../../../../pic32mx/lib/size\libc.a(itoa.o)
 .debug_aranges
                0x000002f8       0x20 c:/program files (x86)/microchip/xc32/v1.34/bin/bin/../../lib/gcc/pic32mx/4.5.2/../../../../pic32mx/lib/size\libc.a(sprintf_cdnopuxX.eo)
 .debug_aranges
                0x00000318       0x20 c:/program files (x86)/microchip/xc32/v1.34/bin/bin/../../lib/gcc/pic32mx/4.5.2/../../../../pic32mx/lib/size\libc.a(doprnt_cdnopuxX.eo)
 .debug_aranges
                0x00000338       0x20 c:/program files (x86)/microchip/xc32/v1.34/bin/bin/../../lib/gcc/pic32mx/4.5.2/../../../../pic32mx/lib/size\libc.a(_fputc_simple.o)
 .debug_aranges
                0x00000358       0x20 c:/program files (x86)/microchip/xc32/v1.34/bin/bin/../../lib/gcc/pic32mx/4.5.2/../../../../pic32mx/lib/size\libc.a(_flsbuf_simple.o)
 .debug_aranges
                0x00000378       0x20 c:/program files (x86)/microchip/xc32/v1.34/bin/bin/../../lib/gcc/pic32mx/4.5.2/../../../../pic32mx/lib/size\libpic32.a(write.o)
 .debug_aranges
                0x00000398       0x20 c:/program files (x86)/microchip/xc32/v1.34/bin/bin/../../lib/gcc/pic32mx/4.5.2/../../../../pic32mx/lib/size\libpic32.a(_mon_putc.o)
 .debug_aranges
                0x000003b8       0x20 c:/program files (x86)/microchip/xc32/v1.34/bin/bin/../../lib/gcc/pic32mx/4.5.2/size\libgcc.a(_lshrdi3.o)
 .debug_aranges
                0x000003d8       0x20 c:/program files (x86)/microchip/xc32/v1.34/bin/bin/../../lib/gcc/pic32mx/4.5.2/size\libgcc.a(_udivdi3.o)
 .debug_aranges
                0x000003f8       0x20 c:/program files (x86)/microchip/xc32/v1.34/bin/bin/../../lib/gcc/pic32mx/4.5.2/size\libgcc.a(_umoddi3.o)

.debug_pubnames
                0x00000000      0x82b
 *(.debug_pubnames)
 .debug_pubnames
                0x00000000      0x10a build/default/production/TweeqLib.o
 .debug_pubnames
                0x0000010a       0x3e build/default/production/Main.o
 .debug_pubnames
                0x00000148      0x180 build/default/production/mOLED.o
 .debug_pubnames
                0x000002c8       0x21 build/default/production/mOLED_Font.o
 .debug_pubnames
                0x000002e9      0x12e build/default/production/MPU.o
 .debug_pubnames
                0x00000417       0x24 c:/program files (x86)/microchip/xc32/v1.34/bin/bin/../../lib/gcc/pic32mx/4.5.2/../../../../pic32mx/lib/size\libmchp_peripheral.a(read_core_timer_lib.o)
 .debug_pubnames
                0x0000043b       0x25 c:/program files (x86)/microchip/xc32/v1.34/bin/bin/../../lib/gcc/pic32mx/4.5.2/../../../../pic32mx/lib/size\libmchp_peripheral.a(write_core_timer_lib.o)
 .debug_pubnames
                0x00000460       0xb1 c:/program files (x86)/microchip/xc32/v1.34/bin/bin/../../lib/gcc/pic32mx/4.5.2/../../../../pic32mx/lib/size\libmchp_peripheral_32MX150F128B.a(uart_lib.o)
 .debug_pubnames
                0x00000511       0x2e c:/program files (x86)/microchip/xc32/v1.34/bin/bin/../../lib/gcc/pic32mx/4.5.2/../../../../pic32mx/lib/size\libmchp_peripheral_32MX150F128B.a(puts_uartx_lib_legacy.o)
 .debug_pubnames
                0x0000053f       0x23 c:/program files (x86)/microchip/xc32/v1.34/bin/bin/../../lib/gcc/pic32mx/4.5.2/../../../../pic32mx/lib/size\libmchp_peripheral_32MX150F128B.a(I2CBusIsIdle.o)
 .debug_pubnames
                0x00000562       0x21 c:/program files (x86)/microchip/xc32/v1.34/bin/bin/../../lib/gcc/pic32mx/4.5.2/../../../../pic32mx/lib/size\libmchp_peripheral_32MX150F128B.a(I2CGetByte.o)
 .debug_pubnames
                0x00000583       0x23 c:/program files (x86)/microchip/xc32/v1.34/bin/bin/../../lib/gcc/pic32mx/4.5.2/../../../../pic32mx/lib/size\libmchp_peripheral_32MX150F128B.a(I2CGetStatus.o)
 .debug_pubnames
                0x000005a6       0x31 c:/program files (x86)/microchip/xc32/v1.34/bin/bin/../../lib/gcc/pic32mx/4.5.2/../../../../pic32mx/lib/size\libmchp_peripheral_32MX150F128B.a(I2CReceivedDataIsAvailable.o)
 .debug_pubnames
                0x000005d7       0x28 c:/program files (x86)/microchip/xc32/v1.34/bin/bin/../../lib/gcc/pic32mx/4.5.2/../../../../pic32mx/lib/size\libmchp_peripheral_32MX150F128B.a(I2CReceiverEnable.o)
 .debug_pubnames
                0x000005ff       0x22 c:/program files (x86)/microchip/xc32/v1.34/bin/bin/../../lib/gcc/pic32mx/4.5.2/../../../../pic32mx/lib/size\libmchp_peripheral_32MX150F128B.a(I2CSendByte.o)
 .debug_pubnames
                0x00000621       0x1f c:/program files (x86)/microchip/xc32/v1.34/bin/bin/../../lib/gcc/pic32mx/4.5.2/../../../../pic32mx/lib/size\libmchp_peripheral_32MX150F128B.a(I2CStart.o)
 .debug_pubnames
                0x00000640       0x1e c:/program files (x86)/microchip/xc32/v1.34/bin/bin/../../lib/gcc/pic32mx/4.5.2/../../../../pic32mx/lib/size\libmchp_peripheral_32MX150F128B.a(I2CStop.o)
 .debug_pubnames
                0x0000065e       0x32 c:/program files (x86)/microchip/xc32/v1.34/bin/bin/../../lib/gcc/pic32mx/4.5.2/../../../../pic32mx/lib/size\libmchp_peripheral_32MX150F128B.a(I2CTransmissionHasCompleted.o)
 .debug_pubnames
                0x00000690       0x2c c:/program files (x86)/microchip/xc32/v1.34/bin/bin/../../lib/gcc/pic32mx/4.5.2/../../../../pic32mx/lib/size\libmchp_peripheral_32MX150F128B.a(I2CTransmitterIsReady.o)
 .debug_pubnames
                0x000006bc       0x24 c:/program files (x86)/microchip/xc32/v1.34/bin/bin/../../lib/gcc/pic32mx/4.5.2/size\libgcc.a(floatunsisf.o)
 .debug_pubnames
                0x000006e0       0x24 c:/program files (x86)/microchip/xc32/v1.34/bin/bin/../../lib/gcc/pic32mx/4.5.2/../../../../pic32mx/lib/size\libc.a(itoa.o)
 .debug_pubnames
                0x00000704       0x28 c:/program files (x86)/microchip/xc32/v1.34/bin/bin/../../lib/gcc/pic32mx/4.5.2/../../../../pic32mx/lib/size\libc.a(sprintf_cdnopuxX.eo)
 .debug_pubnames
                0x0000072c       0x29 c:/program files (x86)/microchip/xc32/v1.34/bin/bin/../../lib/gcc/pic32mx/4.5.2/../../../../pic32mx/lib/size\libc.a(doprnt_cdnopuxX.eo)
 .debug_pubnames
                0x00000755       0x1c c:/program files (x86)/microchip/xc32/v1.34/bin/bin/../../lib/gcc/pic32mx/4.5.2/../../../../pic32mx/lib/size\libc.a(_fputc_simple.o)
 .debug_pubnames
                0x00000771       0x1e c:/program files (x86)/microchip/xc32/v1.34/bin/bin/../../lib/gcc/pic32mx/4.5.2/../../../../pic32mx/lib/size\libc.a(_flsbuf_simple.o)
 .debug_pubnames
                0x0000078f       0x1c c:/program files (x86)/microchip/xc32/v1.34/bin/bin/../../lib/gcc/pic32mx/4.5.2/../../../../pic32mx/lib/size\libpic32.a(write.o)
 .debug_pubnames
                0x000007ab       0x20 c:/program files (x86)/microchip/xc32/v1.34/bin/bin/../../lib/gcc/pic32mx/4.5.2/../../../../pic32mx/lib/size\libpic32.a(_mon_putc.o)
 .debug_pubnames
                0x000007cb       0x20 c:/program files (x86)/microchip/xc32/v1.34/bin/bin/../../lib/gcc/pic32mx/4.5.2/size\libgcc.a(_lshrdi3.o)
 .debug_pubnames
                0x000007eb       0x20 c:/program files (x86)/microchip/xc32/v1.34/bin/bin/../../lib/gcc/pic32mx/4.5.2/size\libgcc.a(_udivdi3.o)
 .debug_pubnames
                0x0000080b       0x20 c:/program files (x86)/microchip/xc32/v1.34/bin/bin/../../lib/gcc/pic32mx/4.5.2/size\libgcc.a(_umoddi3.o)

.debug_info     0x00000000     0x93f6
 *(.debug_info .gnu.linkonce.wi.*)
 .debug_info    0x00000000     0x2825 build/default/production/TweeqLib.o
 .debug_info    0x00002825     0x171a build/default/production/Main.o
 .debug_info    0x00003f3f     0x1aec build/default/production/mOLED.o
 .debug_info    0x00005a2b       0xd9 build/default/production/mOLED_Font.o
 .debug_info    0x00005b04     0x15b9 build/default/production/MPU.o
 .debug_info    0x000070bd       0x63 build/default/production/crt0.o
 .debug_info    0x00007120       0xaa c:/program files (x86)/microchip/xc32/v1.34/bin/bin/../../lib/gcc/pic32mx/4.5.2/../../../../pic32mx/lib/size\libmchp_peripheral.a(read_core_timer_lib.o)
 .debug_info    0x000071ca       0xac c:/program files (x86)/microchip/xc32/v1.34/bin/bin/../../lib/gcc/pic32mx/4.5.2/../../../../pic32mx/lib/size\libmchp_peripheral.a(write_core_timer_lib.o)
 .debug_info    0x00007276      0x175 c:/program files (x86)/microchip/xc32/v1.34/bin/bin/../../lib/gcc/pic32mx/4.5.2/../../../../pic32mx/lib/size\libmchp_peripheral_32MX150F128B.a(uart_lib.o)
 .debug_info    0x000073eb       0xbf c:/program files (x86)/microchip/xc32/v1.34/bin/bin/../../lib/gcc/pic32mx/4.5.2/../../../../pic32mx/lib/size\libmchp_peripheral_32MX150F128B.a(puts_uartx_lib_legacy.o)
 .debug_info    0x000074aa       0xa0 c:/program files (x86)/microchip/xc32/v1.34/bin/bin/../../lib/gcc/pic32mx/4.5.2/../../../../pic32mx/lib/size\libmchp_peripheral_32MX150F128B.a(I2CBusIsIdle.o)
 .debug_info    0x0000754a       0x9c c:/program files (x86)/microchip/xc32/v1.34/bin/bin/../../lib/gcc/pic32mx/4.5.2/../../../../pic32mx/lib/size\libmchp_peripheral_32MX150F128B.a(I2CGetByte.o)
 .debug_info    0x000075e6       0xa0 c:/program files (x86)/microchip/xc32/v1.34/bin/bin/../../lib/gcc/pic32mx/4.5.2/../../../../pic32mx/lib/size\libmchp_peripheral_32MX150F128B.a(I2CGetStatus.o)
 .debug_info    0x00007686       0xbc c:/program files (x86)/microchip/xc32/v1.34/bin/bin/../../lib/gcc/pic32mx/4.5.2/../../../../pic32mx/lib/size\libmchp_peripheral_32MX150F128B.a(I2CReceivedDataIsAvailable.o)
 .debug_info    0x00007742       0xaa c:/program files (x86)/microchip/xc32/v1.34/bin/bin/../../lib/gcc/pic32mx/4.5.2/../../../../pic32mx/lib/size\libmchp_peripheral_32MX150F128B.a(I2CReceiverEnable.o)
 .debug_info    0x000077ec       0x9e c:/program files (x86)/microchip/xc32/v1.34/bin/bin/../../lib/gcc/pic32mx/4.5.2/../../../../pic32mx/lib/size\libmchp_peripheral_32MX150F128B.a(I2CSendByte.o)
 .debug_info    0x0000788a       0x98 c:/program files (x86)/microchip/xc32/v1.34/bin/bin/../../lib/gcc/pic32mx/4.5.2/../../../../pic32mx/lib/size\libmchp_peripheral_32MX150F128B.a(I2CStart.o)
 .debug_info    0x00007922       0x96 c:/program files (x86)/microchip/xc32/v1.34/bin/bin/../../lib/gcc/pic32mx/4.5.2/../../../../pic32mx/lib/size\libmchp_peripheral_32MX150F128B.a(I2CStop.o)
 .debug_info    0x000079b8       0xbe c:/program files (x86)/microchip/xc32/v1.34/bin/bin/../../lib/gcc/pic32mx/4.5.2/../../../../pic32mx/lib/size\libmchp_peripheral_32MX150F128B.a(I2CTransmissionHasCompleted.o)
 .debug_info    0x00007a76       0xb2 c:/program files (x86)/microchip/xc32/v1.34/bin/bin/../../lib/gcc/pic32mx/4.5.2/../../../../pic32mx/lib/size\libmchp_peripheral_32MX150F128B.a(I2CTransmitterIsReady.o)
 .debug_info    0x00007b28        0x0 c:/program files (x86)/microchip/xc32/v1.34/bin/bin/../../lib/gcc/pic32mx/4.5.2/../../../../pic32mx/lib/size\libmchp_peripheral_32MX150F128B.a(I2CPrivate.o)
 .debug_info    0x00007b28      0x12c c:/program files (x86)/microchip/xc32/v1.34/bin/bin/../../lib/gcc/pic32mx/4.5.2/size\libgcc.a(floatunsisf.o)
 .debug_info    0x00007c54       0xc4 c:/program files (x86)/microchip/xc32/v1.34/bin/bin/../../lib/gcc/pic32mx/4.5.2/../../../../pic32mx/lib/size\libc.a(itoa.o)
 .debug_info    0x00007d18       0xc1 c:/program files (x86)/microchip/xc32/v1.34/bin/bin/../../lib/gcc/pic32mx/4.5.2/../../../../pic32mx/lib/size\libc.a(sprintf_cdnopuxX.eo)
 .debug_info    0x00007dd9       0xc2 c:/program files (x86)/microchip/xc32/v1.34/bin/bin/../../lib/gcc/pic32mx/4.5.2/../../../../pic32mx/lib/size\libc.a(doprnt_cdnopuxX.eo)
 .debug_info    0x00007e9b       0xb3 c:/program files (x86)/microchip/xc32/v1.34/bin/bin/../../lib/gcc/pic32mx/4.5.2/../../../../pic32mx/lib/size\libc.a(_fputc_simple.o)
 .debug_info    0x00007f4e        0x0 c:/program files (x86)/microchip/xc32/v1.34/bin/bin/../../lib/gcc/pic32mx/4.5.2/../../../../pic32mx/lib/size\libc.a(ctype.o)
 .debug_info    0x00007f4e        0x0 c:/program files (x86)/microchip/xc32/v1.34/bin/bin/../../lib/gcc/pic32mx/4.5.2/../../../../pic32mx/lib/size\libc.a(_iob.o)
 .debug_info    0x00007f4e       0xb6 c:/program files (x86)/microchip/xc32/v1.34/bin/bin/../../lib/gcc/pic32mx/4.5.2/../../../../pic32mx/lib/size\libc.a(_flsbuf_simple.o)
 .debug_info    0x00008004       0xad c:/program files (x86)/microchip/xc32/v1.34/bin/bin/../../lib/gcc/pic32mx/4.5.2/../../../../pic32mx/lib/size\libpic32.a(write.o)
 .debug_info    0x000080b1       0xb5 c:/program files (x86)/microchip/xc32/v1.34/bin/bin/../../lib/gcc/pic32mx/4.5.2/../../../../pic32mx/lib/size\libpic32.a(_mon_putc.o)
 .debug_info    0x00008166        0x0 c:/program files (x86)/microchip/xc32/v1.34/bin/bin/../../lib/gcc/pic32mx/4.5.2/../../../../pic32mx/lib/size\libpic32.a(xc32_uart.o)
 .debug_info    0x00008166      0x34e c:/program files (x86)/microchip/xc32/v1.34/bin/bin/../../lib/gcc/pic32mx/4.5.2/size\libgcc.a(_lshrdi3.o)
 .debug_info    0x000084b4      0x788 c:/program files (x86)/microchip/xc32/v1.34/bin/bin/../../lib/gcc/pic32mx/4.5.2/size\libgcc.a(_udivdi3.o)
 .debug_info    0x00008c3c      0x7ba c:/program files (x86)/microchip/xc32/v1.34/bin/bin/../../lib/gcc/pic32mx/4.5.2/size\libgcc.a(_umoddi3.o)

.debug_abbrev   0x00000000     0x1093
 *(.debug_abbrev)
 .debug_abbrev  0x00000000      0x266 build/default/production/TweeqLib.o
 .debug_abbrev  0x00000266      0x221 build/default/production/Main.o
 .debug_abbrev  0x00000487      0x241 build/default/production/mOLED.o
 .debug_abbrev  0x000006c8       0x49 build/default/production/mOLED_Font.o
 .debug_abbrev  0x00000711      0x287 build/default/production/MPU.o
 .debug_abbrev  0x00000998       0x12 build/default/production/crt0.o
 .debug_abbrev  0x000009aa       0x25 c:/program files (x86)/microchip/xc32/v1.34/bin/bin/../../lib/gcc/pic32mx/4.5.2/../../../../pic32mx/lib/size\libmchp_peripheral.a(read_core_timer_lib.o)
 .debug_abbrev  0x000009cf       0x25 c:/program files (x86)/microchip/xc32/v1.34/bin/bin/../../lib/gcc/pic32mx/4.5.2/../../../../pic32mx/lib/size\libmchp_peripheral.a(write_core_timer_lib.o)
 .debug_abbrev  0x000009f4       0x38 c:/program files (x86)/microchip/xc32/v1.34/bin/bin/../../lib/gcc/pic32mx/4.5.2/../../../../pic32mx/lib/size\libmchp_peripheral_32MX150F128B.a(uart_lib.o)
 .debug_abbrev  0x00000a2c       0x25 c:/program files (x86)/microchip/xc32/v1.34/bin/bin/../../lib/gcc/pic32mx/4.5.2/../../../../pic32mx/lib/size\libmchp_peripheral_32MX150F128B.a(puts_uartx_lib_legacy.o)
 .debug_abbrev  0x00000a51       0x25 c:/program files (x86)/microchip/xc32/v1.34/bin/bin/../../lib/gcc/pic32mx/4.5.2/../../../../pic32mx/lib/size\libmchp_peripheral_32MX150F128B.a(I2CBusIsIdle.o)
 .debug_abbrev  0x00000a76       0x25 c:/program files (x86)/microchip/xc32/v1.34/bin/bin/../../lib/gcc/pic32mx/4.5.2/../../../../pic32mx/lib/size\libmchp_peripheral_32MX150F128B.a(I2CGetByte.o)
 .debug_abbrev  0x00000a9b       0x25 c:/program files (x86)/microchip/xc32/v1.34/bin/bin/../../lib/gcc/pic32mx/4.5.2/../../../../pic32mx/lib/size\libmchp_peripheral_32MX150F128B.a(I2CGetStatus.o)
 .debug_abbrev  0x00000ac0       0x25 c:/program files (x86)/microchip/xc32/v1.34/bin/bin/../../lib/gcc/pic32mx/4.5.2/../../../../pic32mx/lib/size\libmchp_peripheral_32MX150F128B.a(I2CReceivedDataIsAvailable.o)
 .debug_abbrev  0x00000ae5       0x25 c:/program files (x86)/microchip/xc32/v1.34/bin/bin/../../lib/gcc/pic32mx/4.5.2/../../../../pic32mx/lib/size\libmchp_peripheral_32MX150F128B.a(I2CReceiverEnable.o)
 .debug_abbrev  0x00000b0a       0x25 c:/program files (x86)/microchip/xc32/v1.34/bin/bin/../../lib/gcc/pic32mx/4.5.2/../../../../pic32mx/lib/size\libmchp_peripheral_32MX150F128B.a(I2CSendByte.o)
 .debug_abbrev  0x00000b2f       0x25 c:/program files (x86)/microchip/xc32/v1.34/bin/bin/../../lib/gcc/pic32mx/4.5.2/../../../../pic32mx/lib/size\libmchp_peripheral_32MX150F128B.a(I2CStart.o)
 .debug_abbrev  0x00000b54       0x25 c:/program files (x86)/microchip/xc32/v1.34/bin/bin/../../lib/gcc/pic32mx/4.5.2/../../../../pic32mx/lib/size\libmchp_peripheral_32MX150F128B.a(I2CStop.o)
 .debug_abbrev  0x00000b79       0x25 c:/program files (x86)/microchip/xc32/v1.34/bin/bin/../../lib/gcc/pic32mx/4.5.2/../../../../pic32mx/lib/size\libmchp_peripheral_32MX150F128B.a(I2CTransmissionHasCompleted.o)
 .debug_abbrev  0x00000b9e       0x25 c:/program files (x86)/microchip/xc32/v1.34/bin/bin/../../lib/gcc/pic32mx/4.5.2/../../../../pic32mx/lib/size\libmchp_peripheral_32MX150F128B.a(I2CTransmitterIsReady.o)
 .debug_abbrev  0x00000bc3        0x1 c:/program files (x86)/microchip/xc32/v1.34/bin/bin/../../lib/gcc/pic32mx/4.5.2/../../../../pic32mx/lib/size\libmchp_peripheral_32MX150F128B.a(I2CPrivate.o)
 .debug_abbrev  0x00000bc4       0x5f c:/program files (x86)/microchip/xc32/v1.34/bin/bin/../../lib/gcc/pic32mx/4.5.2/size\libgcc.a(floatunsisf.o)
 .debug_abbrev  0x00000c23       0x25 c:/program files (x86)/microchip/xc32/v1.34/bin/bin/../../lib/gcc/pic32mx/4.5.2/../../../../pic32mx/lib/size\libc.a(itoa.o)
 .debug_abbrev  0x00000c48       0x25 c:/program files (x86)/microchip/xc32/v1.34/bin/bin/../../lib/gcc/pic32mx/4.5.2/../../../../pic32mx/lib/size\libc.a(sprintf_cdnopuxX.eo)
 .debug_abbrev  0x00000c6d       0x25 c:/program files (x86)/microchip/xc32/v1.34/bin/bin/../../lib/gcc/pic32mx/4.5.2/../../../../pic32mx/lib/size\libc.a(doprnt_cdnopuxX.eo)
 .debug_abbrev  0x00000c92       0x25 c:/program files (x86)/microchip/xc32/v1.34/bin/bin/../../lib/gcc/pic32mx/4.5.2/../../../../pic32mx/lib/size\libc.a(_fputc_simple.o)
 .debug_abbrev  0x00000cb7        0x1 c:/program files (x86)/microchip/xc32/v1.34/bin/bin/../../lib/gcc/pic32mx/4.5.2/../../../../pic32mx/lib/size\libc.a(ctype.o)
 .debug_abbrev  0x00000cb8        0x1 c:/program files (x86)/microchip/xc32/v1.34/bin/bin/../../lib/gcc/pic32mx/4.5.2/../../../../pic32mx/lib/size\libc.a(_iob.o)
 .debug_abbrev  0x00000cb9       0x25 c:/program files (x86)/microchip/xc32/v1.34/bin/bin/../../lib/gcc/pic32mx/4.5.2/../../../../pic32mx/lib/size\libc.a(_flsbuf_simple.o)
 .debug_abbrev  0x00000cde       0x25 c:/program files (x86)/microchip/xc32/v1.34/bin/bin/../../lib/gcc/pic32mx/4.5.2/../../../../pic32mx/lib/size\libpic32.a(write.o)
 .debug_abbrev  0x00000d03       0x25 c:/program files (x86)/microchip/xc32/v1.34/bin/bin/../../lib/gcc/pic32mx/4.5.2/../../../../pic32mx/lib/size\libpic32.a(_mon_putc.o)
 .debug_abbrev  0x00000d28        0x1 c:/program files (x86)/microchip/xc32/v1.34/bin/bin/../../lib/gcc/pic32mx/4.5.2/../../../../pic32mx/lib/size\libpic32.a(xc32_uart.o)
 .debug_abbrev  0x00000d29       0xe3 c:/program files (x86)/microchip/xc32/v1.34/bin/bin/../../lib/gcc/pic32mx/4.5.2/size\libgcc.a(_lshrdi3.o)
 .debug_abbrev  0x00000e0c      0x13d c:/program files (x86)/microchip/xc32/v1.34/bin/bin/../../lib/gcc/pic32mx/4.5.2/size\libgcc.a(_udivdi3.o)
 .debug_abbrev  0x00000f49      0x14a c:/program files (x86)/microchip/xc32/v1.34/bin/bin/../../lib/gcc/pic32mx/4.5.2/size\libgcc.a(_umoddi3.o)

.debug_line     0x00000000     0x17ef
 *(.debug_line)
 .debug_line    0x00000000      0x238 build/default/production/TweeqLib.o
 .debug_line    0x00000238      0x228 build/default/production/Main.o
 .debug_line    0x00000460      0x2b2 build/default/production/mOLED.o
 .debug_line    0x00000712       0x64 build/default/production/mOLED_Font.o
 .debug_line    0x00000776      0x2b2 build/default/production/MPU.o
 .debug_line    0x00000a28       0x9f build/default/production/crt0.o
 .debug_line    0x00000ac7       0x6e c:/program files (x86)/microchip/xc32/v1.34/bin/bin/../../lib/gcc/pic32mx/4.5.2/../../../../pic32mx/lib/size\libmchp_peripheral.a(read_core_timer_lib.o)
 .debug_line    0x00000b35       0x6f c:/program files (x86)/microchip/xc32/v1.34/bin/bin/../../lib/gcc/pic32mx/4.5.2/../../../../pic32mx/lib/size\libmchp_peripheral.a(write_core_timer_lib.o)
 .debug_line    0x00000ba4       0x62 c:/program files (x86)/microchip/xc32/v1.34/bin/bin/../../lib/gcc/pic32mx/4.5.2/../../../../pic32mx/lib/size\libmchp_peripheral_32MX150F128B.a(uart_lib.o)
 .debug_line    0x00000c06       0x6f c:/program files (x86)/microchip/xc32/v1.34/bin/bin/../../lib/gcc/pic32mx/4.5.2/../../../../pic32mx/lib/size\libmchp_peripheral_32MX150F128B.a(puts_uartx_lib_legacy.o)
 .debug_line    0x00000c75       0x65 c:/program files (x86)/microchip/xc32/v1.34/bin/bin/../../lib/gcc/pic32mx/4.5.2/../../../../pic32mx/lib/size\libmchp_peripheral_32MX150F128B.a(I2CBusIsIdle.o)
 .debug_line    0x00000cda       0x63 c:/program files (x86)/microchip/xc32/v1.34/bin/bin/../../lib/gcc/pic32mx/4.5.2/../../../../pic32mx/lib/size\libmchp_peripheral_32MX150F128B.a(I2CGetByte.o)
 .debug_line    0x00000d3d       0x65 c:/program files (x86)/microchip/xc32/v1.34/bin/bin/../../lib/gcc/pic32mx/4.5.2/../../../../pic32mx/lib/size\libmchp_peripheral_32MX150F128B.a(I2CGetStatus.o)
 .debug_line    0x00000da2       0x73 c:/program files (x86)/microchip/xc32/v1.34/bin/bin/../../lib/gcc/pic32mx/4.5.2/../../../../pic32mx/lib/size\libmchp_peripheral_32MX150F128B.a(I2CReceivedDataIsAvailable.o)
 .debug_line    0x00000e15       0x6a c:/program files (x86)/microchip/xc32/v1.34/bin/bin/../../lib/gcc/pic32mx/4.5.2/../../../../pic32mx/lib/size\libmchp_peripheral_32MX150F128B.a(I2CReceiverEnable.o)
 .debug_line    0x00000e7f       0x64 c:/program files (x86)/microchip/xc32/v1.34/bin/bin/../../lib/gcc/pic32mx/4.5.2/../../../../pic32mx/lib/size\libmchp_peripheral_32MX150F128B.a(I2CSendByte.o)
 .debug_line    0x00000ee3       0x61 c:/program files (x86)/microchip/xc32/v1.34/bin/bin/../../lib/gcc/pic32mx/4.5.2/../../../../pic32mx/lib/size\libmchp_peripheral_32MX150F128B.a(I2CStart.o)
 .debug_line    0x00000f44       0x60 c:/program files (x86)/microchip/xc32/v1.34/bin/bin/../../lib/gcc/pic32mx/4.5.2/../../../../pic32mx/lib/size\libmchp_peripheral_32MX150F128B.a(I2CStop.o)
 .debug_line    0x00000fa4       0x74 c:/program files (x86)/microchip/xc32/v1.34/bin/bin/../../lib/gcc/pic32mx/4.5.2/../../../../pic32mx/lib/size\libmchp_peripheral_32MX150F128B.a(I2CTransmissionHasCompleted.o)
 .debug_line    0x00001018       0x6e c:/program files (x86)/microchip/xc32/v1.34/bin/bin/../../lib/gcc/pic32mx/4.5.2/../../../../pic32mx/lib/size\libmchp_peripheral_32MX150F128B.a(I2CTransmitterIsReady.o)
 .debug_line    0x00001086        0x0 c:/program files (x86)/microchip/xc32/v1.34/bin/bin/../../lib/gcc/pic32mx/4.5.2/../../../../pic32mx/lib/size\libmchp_peripheral_32MX150F128B.a(I2CPrivate.o)
 .debug_line    0x00001086       0x8e c:/program files (x86)/microchip/xc32/v1.34/bin/bin/../../lib/gcc/pic32mx/4.5.2/size\libgcc.a(floatunsisf.o)
 .debug_line    0x00001114       0x6e c:/program files (x86)/microchip/xc32/v1.34/bin/bin/../../lib/gcc/pic32mx/4.5.2/../../../../pic32mx/lib/size\libc.a(itoa.o)
 .debug_line    0x00001182       0x71 c:/program files (x86)/microchip/xc32/v1.34/bin/bin/../../lib/gcc/pic32mx/4.5.2/../../../../pic32mx/lib/size\libc.a(sprintf_cdnopuxX.eo)
 .debug_line    0x000011f3       0x70 c:/program files (x86)/microchip/xc32/v1.34/bin/bin/../../lib/gcc/pic32mx/4.5.2/../../../../pic32mx/lib/size\libc.a(doprnt_cdnopuxX.eo)
 .debug_line    0x00001263       0x6f c:/program files (x86)/microchip/xc32/v1.34/bin/bin/../../lib/gcc/pic32mx/4.5.2/../../../../pic32mx/lib/size\libc.a(_fputc_simple.o)
 .debug_line    0x000012d2        0x0 c:/program files (x86)/microchip/xc32/v1.34/bin/bin/../../lib/gcc/pic32mx/4.5.2/../../../../pic32mx/lib/size\libc.a(ctype.o)
 .debug_line    0x000012d2        0x0 c:/program files (x86)/microchip/xc32/v1.34/bin/bin/../../lib/gcc/pic32mx/4.5.2/../../../../pic32mx/lib/size\libc.a(_iob.o)
 .debug_line    0x000012d2       0x70 c:/program files (x86)/microchip/xc32/v1.34/bin/bin/../../lib/gcc/pic32mx/4.5.2/../../../../pic32mx/lib/size\libc.a(_flsbuf_simple.o)
 .debug_line    0x00001342       0x79 c:/program files (x86)/microchip/xc32/v1.34/bin/bin/../../lib/gcc/pic32mx/4.5.2/../../../../pic32mx/lib/size\libpic32.a(write.o)
 .debug_line    0x000013bb       0x7d c:/program files (x86)/microchip/xc32/v1.34/bin/bin/../../lib/gcc/pic32mx/4.5.2/../../../../pic32mx/lib/size\libpic32.a(_mon_putc.o)
 .debug_line    0x00001438        0x0 c:/program files (x86)/microchip/xc32/v1.34/bin/bin/../../lib/gcc/pic32mx/4.5.2/../../../../pic32mx/lib/size\libpic32.a(xc32_uart.o)
 .debug_line    0x00001438       0xfa c:/program files (x86)/microchip/xc32/v1.34/bin/bin/../../lib/gcc/pic32mx/4.5.2/size\libgcc.a(_lshrdi3.o)
 .debug_line    0x00001532      0x16f c:/program files (x86)/microchip/xc32/v1.34/bin/bin/../../lib/gcc/pic32mx/4.5.2/size\libgcc.a(_udivdi3.o)
 .debug_line    0x000016a1      0x14e c:/program files (x86)/microchip/xc32/v1.34/bin/bin/../../lib/gcc/pic32mx/4.5.2/size\libgcc.a(_umoddi3.o)

.debug_frame    0x00000000      0x9a8
 *(.debug_frame)
 .debug_frame   0x00000000      0x208 build/default/production/TweeqLib.o
 .debug_frame   0x00000208       0x2c build/default/production/Main.o
 .debug_frame   0x00000234      0x1d0 build/default/production/mOLED.o
 .debug_frame   0x00000404      0x1a0 build/default/production/MPU.o
 .debug_frame   0x000005a4       0x20 c:/program files (x86)/microchip/xc32/v1.34/bin/bin/../../lib/gcc/pic32mx/4.5.2/../../../../pic32mx/lib/size\libmchp_peripheral.a(read_core_timer_lib.o)
 .debug_frame   0x000005c4       0x20 c:/program files (x86)/microchip/xc32/v1.34/bin/bin/../../lib/gcc/pic32mx/4.5.2/../../../../pic32mx/lib/size\libmchp_peripheral.a(write_core_timer_lib.o)
 .debug_frame   0x000005e4       0x90 c:/program files (x86)/microchip/xc32/v1.34/bin/bin/../../lib/gcc/pic32mx/4.5.2/../../../../pic32mx/lib/size\libmchp_peripheral_32MX150F128B.a(uart_lib.o)
 .debug_frame   0x00000674       0x30 c:/program files (x86)/microchip/xc32/v1.34/bin/bin/../../lib/gcc/pic32mx/4.5.2/../../../../pic32mx/lib/size\libmchp_peripheral_32MX150F128B.a(puts_uartx_lib_legacy.o)
 .debug_frame   0x000006a4       0x20 c:/program files (x86)/microchip/xc32/v1.34/bin/bin/../../lib/gcc/pic32mx/4.5.2/../../../../pic32mx/lib/size\libmchp_peripheral_32MX150F128B.a(I2CBusIsIdle.o)
 .debug_frame   0x000006c4       0x20 c:/program files (x86)/microchip/xc32/v1.34/bin/bin/../../lib/gcc/pic32mx/4.5.2/../../../../pic32mx/lib/size\libmchp_peripheral_32MX150F128B.a(I2CGetByte.o)
 .debug_frame   0x000006e4       0x20 c:/program files (x86)/microchip/xc32/v1.34/bin/bin/../../lib/gcc/pic32mx/4.5.2/../../../../pic32mx/lib/size\libmchp_peripheral_32MX150F128B.a(I2CGetStatus.o)
 .debug_frame   0x00000704       0x20 c:/program files (x86)/microchip/xc32/v1.34/bin/bin/../../lib/gcc/pic32mx/4.5.2/../../../../pic32mx/lib/size\libmchp_peripheral_32MX150F128B.a(I2CReceivedDataIsAvailable.o)
 .debug_frame   0x00000724       0x20 c:/program files (x86)/microchip/xc32/v1.34/bin/bin/../../lib/gcc/pic32mx/4.5.2/../../../../pic32mx/lib/size\libmchp_peripheral_32MX150F128B.a(I2CReceiverEnable.o)
 .debug_frame   0x00000744       0x20 c:/program files (x86)/microchip/xc32/v1.34/bin/bin/../../lib/gcc/pic32mx/4.5.2/../../../../pic32mx/lib/size\libmchp_peripheral_32MX150F128B.a(I2CSendByte.o)
 .debug_frame   0x00000764       0x20 c:/program files (x86)/microchip/xc32/v1.34/bin/bin/../../lib/gcc/pic32mx/4.5.2/../../../../pic32mx/lib/size\libmchp_peripheral_32MX150F128B.a(I2CStart.o)
 .debug_frame   0x00000784       0x20 c:/program files (x86)/microchip/xc32/v1.34/bin/bin/../../lib/gcc/pic32mx/4.5.2/../../../../pic32mx/lib/size\libmchp_peripheral_32MX150F128B.a(I2CStop.o)
 .debug_frame   0x000007a4       0x20 c:/program files (x86)/microchip/xc32/v1.34/bin/bin/../../lib/gcc/pic32mx/4.5.2/../../../../pic32mx/lib/size\libmchp_peripheral_32MX150F128B.a(I2CTransmissionHasCompleted.o)
 .debug_frame   0x000007c4       0x20 c:/program files (x86)/microchip/xc32/v1.34/bin/bin/../../lib/gcc/pic32mx/4.5.2/../../../../pic32mx/lib/size\libmchp_peripheral_32MX150F128B.a(I2CTransmitterIsReady.o)
 .debug_frame   0x000007e4       0x28 c:/program files (x86)/microchip/xc32/v1.34/bin/bin/../../lib/gcc/pic32mx/4.5.2/size\libgcc.a(floatunsisf.o)
 .debug_frame   0x0000080c       0x38 c:/program files (x86)/microchip/xc32/v1.34/bin/bin/../../lib/gcc/pic32mx/4.5.2/../../../../pic32mx/lib/size\libc.a(itoa.o)
 .debug_frame   0x00000844       0x2c c:/program files (x86)/microchip/xc32/v1.34/bin/bin/../../lib/gcc/pic32mx/4.5.2/../../../../pic32mx/lib/size\libc.a(sprintf_cdnopuxX.eo)
 .debug_frame   0x00000870       0x38 c:/program files (x86)/microchip/xc32/v1.34/bin/bin/../../lib/gcc/pic32mx/4.5.2/../../../../pic32mx/lib/size\libc.a(doprnt_cdnopuxX.eo)
 .debug_frame   0x000008a8       0x2c c:/program files (x86)/microchip/xc32/v1.34/bin/bin/../../lib/gcc/pic32mx/4.5.2/../../../../pic32mx/lib/size\libc.a(_fputc_simple.o)
 .debug_frame   0x000008d4       0x28 c:/program files (x86)/microchip/xc32/v1.34/bin/bin/../../lib/gcc/pic32mx/4.5.2/../../../../pic32mx/lib/size\libc.a(_flsbuf_simple.o)
 .debug_frame   0x000008fc       0x2c c:/program files (x86)/microchip/xc32/v1.34/bin/bin/../../lib/gcc/pic32mx/4.5.2/../../../../pic32mx/lib/size\libpic32.a(write.o)
 .debug_frame   0x00000928       0x20 c:/program files (x86)/microchip/xc32/v1.34/bin/bin/../../lib/gcc/pic32mx/4.5.2/../../../../pic32mx/lib/size\libpic32.a(_mon_putc.o)
 .debug_frame   0x00000948       0x20 c:/program files (x86)/microchip/xc32/v1.34/bin/bin/../../lib/gcc/pic32mx/4.5.2/size\libgcc.a(_lshrdi3.o)
 .debug_frame   0x00000968       0x20 c:/program files (x86)/microchip/xc32/v1.34/bin/bin/../../lib/gcc/pic32mx/4.5.2/size\libgcc.a(_udivdi3.o)
 .debug_frame   0x00000988       0x20 c:/program files (x86)/microchip/xc32/v1.34/bin/bin/../../lib/gcc/pic32mx/4.5.2/size\libgcc.a(_umoddi3.o)

.debug_str      0x00000000      0x59d
 *(.debug_str)
 .debug_str     0x00000000      0x1e5 build/default/production/TweeqLib.o
 .debug_str     0x000001e5      0x14e build/default/production/Main.o
 .debug_str     0x00000333      0x144 build/default/production/mOLED.o
 .debug_str     0x00000477        0x0 build/default/production/mOLED_Font.o
 .debug_str     0x00000477      0x126 build/default/production/MPU.o
 .debug_str     0x0000059d        0x0 c:/program files (x86)/microchip/xc32/v1.34/bin/bin/../../lib/gcc/pic32mx/4.5.2/../../../../pic32mx/lib/size\libmchp_peripheral.a(read_core_timer_lib.o)
 .debug_str     0x0000059d        0x0 c:/program files (x86)/microchip/xc32/v1.34/bin/bin/../../lib/gcc/pic32mx/4.5.2/../../../../pic32mx/lib/size\libmchp_peripheral.a(write_core_timer_lib.o)
 .debug_str     0x0000059d        0x0 c:/program files (x86)/microchip/xc32/v1.34/bin/bin/../../lib/gcc/pic32mx/4.5.2/../../../../pic32mx/lib/size\libmchp_peripheral_32MX150F128B.a(uart_lib.o)
 .debug_str     0x0000059d        0x0 c:/program files (x86)/microchip/xc32/v1.34/bin/bin/../../lib/gcc/pic32mx/4.5.2/../../../../pic32mx/lib/size\libmchp_peripheral_32MX150F128B.a(puts_uartx_lib_legacy.o)
 .debug_str     0x0000059d        0x0 c:/program files (x86)/microchip/xc32/v1.34/bin/bin/../../lib/gcc/pic32mx/4.5.2/../../../../pic32mx/lib/size\libmchp_peripheral_32MX150F128B.a(I2CBusIsIdle.o)
 .debug_str     0x0000059d        0x0 c:/program files (x86)/microchip/xc32/v1.34/bin/bin/../../lib/gcc/pic32mx/4.5.2/../../../../pic32mx/lib/size\libmchp_peripheral_32MX150F128B.a(I2CGetByte.o)
 .debug_str     0x0000059d        0x0 c:/program files (x86)/microchip/xc32/v1.34/bin/bin/../../lib/gcc/pic32mx/4.5.2/../../../../pic32mx/lib/size\libmchp_peripheral_32MX150F128B.a(I2CGetStatus.o)
 .debug_str     0x0000059d        0x0 c:/program files (x86)/microchip/xc32/v1.34/bin/bin/../../lib/gcc/pic32mx/4.5.2/../../../../pic32mx/lib/size\libmchp_peripheral_32MX150F128B.a(I2CReceivedDataIsAvailable.o)
 .debug_str     0x0000059d        0x0 c:/program files (x86)/microchip/xc32/v1.34/bin/bin/../../lib/gcc/pic32mx/4.5.2/../../../../pic32mx/lib/size\libmchp_peripheral_32MX150F128B.a(I2CReceiverEnable.o)
 .debug_str     0x0000059d        0x0 c:/program files (x86)/microchip/xc32/v1.34/bin/bin/../../lib/gcc/pic32mx/4.5.2/../../../../pic32mx/lib/size\libmchp_peripheral_32MX150F128B.a(I2CSendByte.o)
 .debug_str     0x0000059d        0x0 c:/program files (x86)/microchip/xc32/v1.34/bin/bin/../../lib/gcc/pic32mx/4.5.2/../../../../pic32mx/lib/size\libmchp_peripheral_32MX150F128B.a(I2CStart.o)
 .debug_str     0x0000059d        0x0 c:/program files (x86)/microchip/xc32/v1.34/bin/bin/../../lib/gcc/pic32mx/4.5.2/../../../../pic32mx/lib/size\libmchp_peripheral_32MX150F128B.a(I2CStop.o)
 .debug_str     0x0000059d        0x0 c:/program files (x86)/microchip/xc32/v1.34/bin/bin/../../lib/gcc/pic32mx/4.5.2/../../../../pic32mx/lib/size\libmchp_peripheral_32MX150F128B.a(I2CTransmissionHasCompleted.o)
 .debug_str     0x0000059d        0x0 c:/program files (x86)/microchip/xc32/v1.34/bin/bin/../../lib/gcc/pic32mx/4.5.2/../../../../pic32mx/lib/size\libmchp_peripheral_32MX150F128B.a(I2CTransmitterIsReady.o)
 .debug_str     0x0000059d        0x0 c:/program files (x86)/microchip/xc32/v1.34/bin/bin/../../lib/gcc/pic32mx/4.5.2/../../../../pic32mx/lib/size\libmchp_peripheral_32MX150F128B.a(I2CPrivate.o)
 .debug_str     0x0000059d        0x0 c:/program files (x86)/microchip/xc32/v1.34/bin/bin/../../lib/gcc/pic32mx/4.5.2/size\libgcc.a(floatunsisf.o)
 .debug_str     0x0000059d        0x0 c:/program files (x86)/microchip/xc32/v1.34/bin/bin/../../lib/gcc/pic32mx/4.5.2/../../../../pic32mx/lib/size\libc.a(itoa.o)
 .debug_str     0x0000059d        0x0 c:/program files (x86)/microchip/xc32/v1.34/bin/bin/../../lib/gcc/pic32mx/4.5.2/../../../../pic32mx/lib/size\libc.a(sprintf_cdnopuxX.eo)
 .debug_str     0x0000059d        0x0 c:/program files (x86)/microchip/xc32/v1.34/bin/bin/../../lib/gcc/pic32mx/4.5.2/../../../../pic32mx/lib/size\libc.a(doprnt_cdnopuxX.eo)
 .debug_str     0x0000059d        0x0 c:/program files (x86)/microchip/xc32/v1.34/bin/bin/../../lib/gcc/pic32mx/4.5.2/../../../../pic32mx/lib/size\libc.a(_fputc_simple.o)
 .debug_str     0x0000059d        0x0 c:/program files (x86)/microchip/xc32/v1.34/bin/bin/../../lib/gcc/pic32mx/4.5.2/../../../../pic32mx/lib/size\libc.a(ctype.o)
 .debug_str     0x0000059d        0x0 c:/program files (x86)/microchip/xc32/v1.34/bin/bin/../../lib/gcc/pic32mx/4.5.2/../../../../pic32mx/lib/size\libc.a(_iob.o)
 .debug_str     0x0000059d        0x0 c:/program files (x86)/microchip/xc32/v1.34/bin/bin/../../lib/gcc/pic32mx/4.5.2/../../../../pic32mx/lib/size\libc.a(_flsbuf_simple.o)
 .debug_str     0x0000059d        0x0 c:/program files (x86)/microchip/xc32/v1.34/bin/bin/../../lib/gcc/pic32mx/4.5.2/../../../../pic32mx/lib/size\libpic32.a(write.o)
 .debug_str     0x0000059d        0x0 c:/program files (x86)/microchip/xc32/v1.34/bin/bin/../../lib/gcc/pic32mx/4.5.2/../../../../pic32mx/lib/size\libpic32.a(_mon_putc.o)
 .debug_str     0x0000059d        0x0 c:/program files (x86)/microchip/xc32/v1.34/bin/bin/../../lib/gcc/pic32mx/4.5.2/../../../../pic32mx/lib/size\libpic32.a(xc32_uart.o)
 .debug_str     0x0000059d        0x0 c:/program files (x86)/microchip/xc32/v1.34/bin/bin/../../lib/gcc/pic32mx/4.5.2/size\libgcc.a(_lshrdi3.o)
 .debug_str     0x0000059d        0x0 c:/program files (x86)/microchip/xc32/v1.34/bin/bin/../../lib/gcc/pic32mx/4.5.2/size\libgcc.a(_udivdi3.o)
 .debug_str     0x0000059d        0x0 c:/program files (x86)/microchip/xc32/v1.34/bin/bin/../../lib/gcc/pic32mx/4.5.2/size\libgcc.a(_umoddi3.o)

.debug_loc      0x00000000     0x14c3
 *(.debug_loc)
 .debug_loc     0x00000000       0x68 c:/program files (x86)/microchip/xc32/v1.34/bin/bin/../../lib/gcc/pic32mx/4.5.2/size\libgcc.a(floatunsisf.o)
 .debug_loc     0x00000068       0x5f c:/program files (x86)/microchip/xc32/v1.34/bin/bin/../../lib/gcc/pic32mx/4.5.2/size\libgcc.a(_lshrdi3.o)
 .debug_loc     0x000000c7      0xa62 c:/program files (x86)/microchip/xc32/v1.34/bin/bin/../../lib/gcc/pic32mx/4.5.2/size\libgcc.a(_udivdi3.o)
 .debug_loc     0x00000b29      0x99a c:/program files (x86)/microchip/xc32/v1.34/bin/bin/../../lib/gcc/pic32mx/4.5.2/size\libgcc.a(_umoddi3.o)

.debug_macinfo
 *(.debug_macinfo)

.debug_weaknames
 *(.debug_weaknames)

.debug_funcnames
 *(.debug_funcnames)

.debug_typenames
 *(.debug_typenames)

.debug_varnames
 *(.debug_varnames)

.debug_pubtypes
                0x00000000      0x61b
 *(.debug_pubtypes)
 .debug_pubtypes
                0x00000000      0x1f0 build/default/production/TweeqLib.o
 .debug_pubtypes
                0x000001f0      0x113 build/default/production/Main.o
 .debug_pubtypes
                0x00000303      0x105 build/default/production/mOLED.o
 .debug_pubtypes
                0x00000408       0xcb build/default/production/MPU.o
 .debug_pubtypes
                0x000004d3       0x34 c:/program files (x86)/microchip/xc32/v1.34/bin/bin/../../lib/gcc/pic32mx/4.5.2/size\libgcc.a(floatunsisf.o)
 .debug_pubtypes
                0x00000507       0x62 c:/program files (x86)/microchip/xc32/v1.34/bin/bin/../../lib/gcc/pic32mx/4.5.2/size\libgcc.a(_lshrdi3.o)
 .debug_pubtypes
                0x00000569       0x59 c:/program files (x86)/microchip/xc32/v1.34/bin/bin/../../lib/gcc/pic32mx/4.5.2/size\libgcc.a(_udivdi3.o)
 .debug_pubtypes
                0x000005c2       0x59 c:/program files (x86)/microchip/xc32/v1.34/bin/bin/../../lib/gcc/pic32mx/4.5.2/size\libgcc.a(_umoddi3.o)

.debug_ranges   0x00000000      0x398
 *(.debug_ranges)
 .debug_ranges  0x00000000       0x10 build/default/production/Main.o
 .debug_ranges  0x00000010       0x28 build/default/production/crt0.o
 .debug_ranges  0x00000038       0x10 c:/program files (x86)/microchip/xc32/v1.34/bin/bin/../../lib/gcc/pic32mx/4.5.2/../../../../pic32mx/lib/size\libmchp_peripheral.a(read_core_timer_lib.o)
 .debug_ranges  0x00000048       0x10 c:/program files (x86)/microchip/xc32/v1.34/bin/bin/../../lib/gcc/pic32mx/4.5.2/../../../../pic32mx/lib/size\libmchp_peripheral.a(write_core_timer_lib.o)
 .debug_ranges  0x00000058       0x48 c:/program files (x86)/microchip/xc32/v1.34/bin/bin/../../lib/gcc/pic32mx/4.5.2/../../../../pic32mx/lib/size\libmchp_peripheral_32MX150F128B.a(uart_lib.o)
 .debug_ranges  0x000000a0       0x18 c:/program files (x86)/microchip/xc32/v1.34/bin/bin/../../lib/gcc/pic32mx/4.5.2/../../../../pic32mx/lib/size\libmchp_peripheral_32MX150F128B.a(puts_uartx_lib_legacy.o)
 .debug_ranges  0x000000b8       0x10 c:/program files (x86)/microchip/xc32/v1.34/bin/bin/../../lib/gcc/pic32mx/4.5.2/../../../../pic32mx/lib/size\libmchp_peripheral_32MX150F128B.a(I2CBusIsIdle.o)
 .debug_ranges  0x000000c8       0x10 c:/program files (x86)/microchip/xc32/v1.34/bin/bin/../../lib/gcc/pic32mx/4.5.2/../../../../pic32mx/lib/size\libmchp_peripheral_32MX150F128B.a(I2CGetByte.o)
 .debug_ranges  0x000000d8       0x10 c:/program files (x86)/microchip/xc32/v1.34/bin/bin/../../lib/gcc/pic32mx/4.5.2/../../../../pic32mx/lib/size\libmchp_peripheral_32MX150F128B.a(I2CGetStatus.o)
 .debug_ranges  0x000000e8       0x10 c:/program files (x86)/microchip/xc32/v1.34/bin/bin/../../lib/gcc/pic32mx/4.5.2/../../../../pic32mx/lib/size\libmchp_peripheral_32MX150F128B.a(I2CReceivedDataIsAvailable.o)
 .debug_ranges  0x000000f8       0x10 c:/program files (x86)/microchip/xc32/v1.34/bin/bin/../../lib/gcc/pic32mx/4.5.2/../../../../pic32mx/lib/size\libmchp_peripheral_32MX150F128B.a(I2CReceiverEnable.o)
 .debug_ranges  0x00000108       0x10 c:/program files (x86)/microchip/xc32/v1.34/bin/bin/../../lib/gcc/pic32mx/4.5.2/../../../../pic32mx/lib/size\libmchp_peripheral_32MX150F128B.a(I2CSendByte.o)
 .debug_ranges  0x00000118       0x10 c:/program files (x86)/microchip/xc32/v1.34/bin/bin/../../lib/gcc/pic32mx/4.5.2/../../../../pic32mx/lib/size\libmchp_peripheral_32MX150F128B.a(I2CStart.o)
 .debug_ranges  0x00000128       0x10 c:/program files (x86)/microchip/xc32/v1.34/bin/bin/../../lib/gcc/pic32mx/4.5.2/../../../../pic32mx/lib/size\libmchp_peripheral_32MX150F128B.a(I2CStop.o)
 .debug_ranges  0x00000138       0x10 c:/program files (x86)/microchip/xc32/v1.34/bin/bin/../../lib/gcc/pic32mx/4.5.2/../../../../pic32mx/lib/size\libmchp_peripheral_32MX150F128B.a(I2CTransmissionHasCompleted.o)
 .debug_ranges  0x00000148       0x10 c:/program files (x86)/microchip/xc32/v1.34/bin/bin/../../lib/gcc/pic32mx/4.5.2/../../../../pic32mx/lib/size\libmchp_peripheral_32MX150F128B.a(I2CTransmitterIsReady.o)
 .debug_ranges  0x00000158       0x18 c:/program files (x86)/microchip/xc32/v1.34/bin/bin/../../lib/gcc/pic32mx/4.5.2/../../../../pic32mx/lib/size\libc.a(itoa.o)
 .debug_ranges  0x00000170       0x10 c:/program files (x86)/microchip/xc32/v1.34/bin/bin/../../lib/gcc/pic32mx/4.5.2/../../../../pic32mx/lib/size\libc.a(sprintf_cdnopuxX.eo)
 .debug_ranges  0x00000180       0x10 c:/program files (x86)/microchip/xc32/v1.34/bin/bin/../../lib/gcc/pic32mx/4.5.2/../../../../pic32mx/lib/size\libc.a(doprnt_cdnopuxX.eo)
 .debug_ranges  0x00000190       0x10 c:/program files (x86)/microchip/xc32/v1.34/bin/bin/../../lib/gcc/pic32mx/4.5.2/../../../../pic32mx/lib/size\libc.a(_fputc_simple.o)
 .debug_ranges  0x000001a0       0x10 c:/program files (x86)/microchip/xc32/v1.34/bin/bin/../../lib/gcc/pic32mx/4.5.2/../../../../pic32mx/lib/size\libc.a(_flsbuf_simple.o)
 .debug_ranges  0x000001b0       0x10 c:/program files (x86)/microchip/xc32/v1.34/bin/bin/../../lib/gcc/pic32mx/4.5.2/../../../../pic32mx/lib/size\libpic32.a(write.o)
 .debug_ranges  0x000001c0       0x10 c:/program files (x86)/microchip/xc32/v1.34/bin/bin/../../lib/gcc/pic32mx/4.5.2/../../../../pic32mx/lib/size\libpic32.a(_mon_putc.o)
 .debug_ranges  0x000001d0       0xe8 c:/program files (x86)/microchip/xc32/v1.34/bin/bin/../../lib/gcc/pic32mx/4.5.2/size\libgcc.a(_udivdi3.o)
 .debug_ranges  0x000002b8       0xe0 c:/program files (x86)/microchip/xc32/v1.34/bin/bin/../../lib/gcc/pic32mx/4.5.2/size\libgcc.a(_umoddi3.o)

.gnu.attributes
                0x00000000       0x10
 *(.gnu.attributes)
 .gnu.attributes
                0x00000000       0x10 build/default/production/TweeqLib.o
 .gnu.attributes
                0x00000010       0x10 build/default/production/Main.o
 .gnu.attributes
                0x00000020       0x10 build/default/production/mOLED.o
 .gnu.attributes
                0x00000030       0x10 build/default/production/mOLED_Font.o
 .gnu.attributes
                0x00000040       0x10 build/default/production/MPU.o
 .gnu.attributes
                0x00000050       0x10 c:/program files (x86)/microchip/xc32/v1.34/bin/bin/../../lib/gcc/pic32mx/4.5.2/../../../../pic32mx/lib/size\libmchp_peripheral.a(read_core_timer_lib.o)
 .gnu.attributes
                0x00000060       0x10 c:/program files (x86)/microchip/xc32/v1.34/bin/bin/../../lib/gcc/pic32mx/4.5.2/../../../../pic32mx/lib/size\libmchp_peripheral.a(write_core_timer_lib.o)
 .gnu.attributes
                0x00000070       0x10 c:/program files (x86)/microchip/xc32/v1.34/bin/bin/../../lib/gcc/pic32mx/4.5.2/../../../../pic32mx/lib/size\libmchp_peripheral_32MX150F128B.a(uart_lib.o)
 .gnu.attributes
                0x00000080       0x10 c:/program files (x86)/microchip/xc32/v1.34/bin/bin/../../lib/gcc/pic32mx/4.5.2/../../../../pic32mx/lib/size\libmchp_peripheral_32MX150F128B.a(puts_uartx_lib_legacy.o)
 .gnu.attributes
                0x00000090       0x10 c:/program files (x86)/microchip/xc32/v1.34/bin/bin/../../lib/gcc/pic32mx/4.5.2/../../../../pic32mx/lib/size\libmchp_peripheral_32MX150F128B.a(I2CBusIsIdle.o)
 .gnu.attributes
                0x000000a0       0x10 c:/program files (x86)/microchip/xc32/v1.34/bin/bin/../../lib/gcc/pic32mx/4.5.2/../../../../pic32mx/lib/size\libmchp_peripheral_32MX150F128B.a(I2CGetByte.o)
 .gnu.attributes
                0x000000b0       0x10 c:/program files (x86)/microchip/xc32/v1.34/bin/bin/../../lib/gcc/pic32mx/4.5.2/../../../../pic32mx/lib/size\libmchp_peripheral_32MX150F128B.a(I2CGetStatus.o)
 .gnu.attributes
                0x000000c0       0x10 c:/program files (x86)/microchip/xc32/v1.34/bin/bin/../../lib/gcc/pic32mx/4.5.2/../../../../pic32mx/lib/size\libmchp_peripheral_32MX150F128B.a(I2CReceivedDataIsAvailable.o)
 .gnu.attributes
                0x000000d0       0x10 c:/program files (x86)/microchip/xc32/v1.34/bin/bin/../../lib/gcc/pic32mx/4.5.2/../../../../pic32mx/lib/size\libmchp_peripheral_32MX150F128B.a(I2CReceiverEnable.o)
 .gnu.attributes
                0x000000e0       0x10 c:/program files (x86)/microchip/xc32/v1.34/bin/bin/../../lib/gcc/pic32mx/4.5.2/../../../../pic32mx/lib/size\libmchp_peripheral_32MX150F128B.a(I2CSendByte.o)
 .gnu.attributes
                0x000000f0       0x10 c:/program files (x86)/microchip/xc32/v1.34/bin/bin/../../lib/gcc/pic32mx/4.5.2/../../../../pic32mx/lib/size\libmchp_peripheral_32MX150F128B.a(I2CStart.o)
 .gnu.attributes
                0x00000100       0x10 c:/program files (x86)/microchip/xc32/v1.34/bin/bin/../../lib/gcc/pic32mx/4.5.2/../../../../pic32mx/lib/size\libmchp_peripheral_32MX150F128B.a(I2CStop.o)
 .gnu.attributes
                0x00000110       0x10 c:/program files (x86)/microchip/xc32/v1.34/bin/bin/../../lib/gcc/pic32mx/4.5.2/../../../../pic32mx/lib/size\libmchp_peripheral_32MX150F128B.a(I2CTransmissionHasCompleted.o)
 .gnu.attributes
                0x00000120       0x10 c:/program files (x86)/microchip/xc32/v1.34/bin/bin/../../lib/gcc/pic32mx/4.5.2/../../../../pic32mx/lib/size\libmchp_peripheral_32MX150F128B.a(I2CTransmitterIsReady.o)
 .gnu.attributes
                0x00000130       0x10 c:/program files (x86)/microchip/xc32/v1.34/bin/bin/../../lib/gcc/pic32mx/4.5.2/../../../../pic32mx/lib/size\libmchp_peripheral_32MX150F128B.a(I2CPrivate.o)
 .gnu.attributes
                0x00000140       0x10 c:/program files (x86)/microchip/xc32/v1.34/bin/bin/../../lib/gcc/pic32mx/4.5.2/size\crtbegin.o
 .gnu.attributes
                0x00000150       0x10 c:/program files (x86)/microchip/xc32/v1.34/bin/bin/../../lib/gcc/pic32mx/4.5.2/size\crtend.o
 .gnu.attributes
                0x00000160       0x10 c:/program files (x86)/microchip/xc32/v1.34/bin/bin/../../lib/gcc/pic32mx/4.5.2/size\libgcc.a(floatunsisf.o)
 .gnu.attributes
                0x00000170       0x10 c:/program files (x86)/microchip/xc32/v1.34/bin/bin/../../lib/gcc/pic32mx/4.5.2/../../../../pic32mx/lib/size\libc.a(itoa.o)
 .gnu.attributes
                0x00000180       0x10 c:/program files (x86)/microchip/xc32/v1.34/bin/bin/../../lib/gcc/pic32mx/4.5.2/../../../../pic32mx/lib/size\libc.a(sprintf_cdnopuxX.eo)
 .gnu.attributes
                0x00000190       0x10 c:/program files (x86)/microchip/xc32/v1.34/bin/bin/../../lib/gcc/pic32mx/4.5.2/../../../../pic32mx/lib/size\libc.a(doprnt_cdnopuxX.eo)
 .gnu.attributes
                0x000001a0       0x10 c:/program files (x86)/microchip/xc32/v1.34/bin/bin/../../lib/gcc/pic32mx/4.5.2/../../../../pic32mx/lib/size\libc.a(_fputc_simple.o)
 .gnu.attributes
                0x000001b0       0x10 c:/program files (x86)/microchip/xc32/v1.34/bin/bin/../../lib/gcc/pic32mx/4.5.2/../../../../pic32mx/lib/size\libc.a(ctype.o)
 .gnu.attributes
                0x000001c0       0x10 c:/program files (x86)/microchip/xc32/v1.34/bin/bin/../../lib/gcc/pic32mx/4.5.2/../../../../pic32mx/lib/size\libc.a(_iob.o)
 .gnu.attributes
                0x000001d0       0x10 c:/program files (x86)/microchip/xc32/v1.34/bin/bin/../../lib/gcc/pic32mx/4.5.2/../../../../pic32mx/lib/size\libc.a(_flsbuf_simple.o)
 .gnu.attributes
                0x000001e0       0x10 c:/program files (x86)/microchip/xc32/v1.34/bin/bin/../../lib/gcc/pic32mx/4.5.2/../../../../pic32mx/lib/size\libpic32.a(write.o)
 .gnu.attributes
                0x000001f0       0x10 c:/program files (x86)/microchip/xc32/v1.34/bin/bin/../../lib/gcc/pic32mx/4.5.2/../../../../pic32mx/lib/size\libpic32.a(_mon_putc.o)
 .gnu.attributes
                0x00000200       0x10 c:/program files (x86)/microchip/xc32/v1.34/bin/bin/../../lib/gcc/pic32mx/4.5.2/../../../../pic32mx/lib/size\libpic32.a(xc32_uart.o)
 .gnu.attributes
                0x00000210       0x10 c:/program files (x86)/microchip/xc32/v1.34/bin/bin/../../lib/gcc/pic32mx/4.5.2/size\libgcc.a(_lshrdi3.o)
 .gnu.attributes
                0x00000220       0x10 c:/program files (x86)/microchip/xc32/v1.34/bin/bin/../../lib/gcc/pic32mx/4.5.2/size\libgcc.a(_udivdi3.o)
 .gnu.attributes
                0x00000230       0x10 c:/program files (x86)/microchip/xc32/v1.34/bin/bin/../../lib/gcc/pic32mx/4.5.2/size\libgcc.a(_umoddi3.o)
 *(.gnu.attributes)

.gptab.sdata
 *(.gptab.data)
 *(.gptab.sdata)

.gptab.sbss
 *(.gptab.bss)
 *(.gptab.sbss)

.mdebug.abi32   0xa0000270        0x0
 *(.mdebug.abi32)
 .mdebug.abi32  0xa0000270        0x0 build/default/production/TweeqLib.o
 .mdebug.abi32  0xa0000270        0x0 build/default/production/Main.o
 .mdebug.abi32  0xa0000270        0x0 build/default/production/mOLED.o
 .mdebug.abi32  0xa0000270        0x0 build/default/production/mOLED_Font.o
 .mdebug.abi32  0xa0000270        0x0 build/default/production/MPU.o
 .mdebug.abi32  0xa0000270        0x0 c:/program files (x86)/microchip/xc32/v1.34/bin/bin/../../lib/gcc/pic32mx/4.5.2/../../../../pic32mx/lib/size\libmchp_peripheral.a(read_core_timer_lib.o)
 .mdebug.abi32  0xa0000270        0x0 c:/program files (x86)/microchip/xc32/v1.34/bin/bin/../../lib/gcc/pic32mx/4.5.2/../../../../pic32mx/lib/size\libmchp_peripheral.a(write_core_timer_lib.o)
 .mdebug.abi32  0xa0000270        0x0 c:/program files (x86)/microchip/xc32/v1.34/bin/bin/../../lib/gcc/pic32mx/4.5.2/../../../../pic32mx/lib/size\libmchp_peripheral_32MX150F128B.a(uart_lib.o)
 .mdebug.abi32  0xa0000270        0x0 c:/program files (x86)/microchip/xc32/v1.34/bin/bin/../../lib/gcc/pic32mx/4.5.2/../../../../pic32mx/lib/size\libmchp_peripheral_32MX150F128B.a(puts_uartx_lib_legacy.o)
 .mdebug.abi32  0xa0000270        0x0 c:/program files (x86)/microchip/xc32/v1.34/bin/bin/../../lib/gcc/pic32mx/4.5.2/../../../../pic32mx/lib/size\libmchp_peripheral_32MX150F128B.a(I2CBusIsIdle.o)
 .mdebug.abi32  0xa0000270        0x0 c:/program files (x86)/microchip/xc32/v1.34/bin/bin/../../lib/gcc/pic32mx/4.5.2/../../../../pic32mx/lib/size\libmchp_peripheral_32MX150F128B.a(I2CGetByte.o)
 .mdebug.abi32  0xa0000270        0x0 c:/program files (x86)/microchip/xc32/v1.34/bin/bin/../../lib/gcc/pic32mx/4.5.2/../../../../pic32mx/lib/size\libmchp_peripheral_32MX150F128B.a(I2CGetStatus.o)
 .mdebug.abi32  0xa0000270        0x0 c:/program files (x86)/microchip/xc32/v1.34/bin/bin/../../lib/gcc/pic32mx/4.5.2/../../../../pic32mx/lib/size\libmchp_peripheral_32MX150F128B.a(I2CReceivedDataIsAvailable.o)
 .mdebug.abi32  0xa0000270        0x0 c:/program files (x86)/microchip/xc32/v1.34/bin/bin/../../lib/gcc/pic32mx/4.5.2/../../../../pic32mx/lib/size\libmchp_peripheral_32MX150F128B.a(I2CReceiverEnable.o)
 .mdebug.abi32  0xa0000270        0x0 c:/program files (x86)/microchip/xc32/v1.34/bin/bin/../../lib/gcc/pic32mx/4.5.2/../../../../pic32mx/lib/size\libmchp_peripheral_32MX150F128B.a(I2CSendByte.o)
 .mdebug.abi32  0xa0000270        0x0 c:/program files (x86)/microchip/xc32/v1.34/bin/bin/../../lib/gcc/pic32mx/4.5.2/../../../../pic32mx/lib/size\libmchp_peripheral_32MX150F128B.a(I2CStart.o)
 .mdebug.abi32  0xa0000270        0x0 c:/program files (x86)/microchip/xc32/v1.34/bin/bin/../../lib/gcc/pic32mx/4.5.2/../../../../pic32mx/lib/size\libmchp_peripheral_32MX150F128B.a(I2CStop.o)
 .mdebug.abi32  0xa0000270        0x0 c:/program files (x86)/microchip/xc32/v1.34/bin/bin/../../lib/gcc/pic32mx/4.5.2/../../../../pic32mx/lib/size\libmchp_peripheral_32MX150F128B.a(I2CTransmissionHasCompleted.o)
 .mdebug.abi32  0xa0000270        0x0 c:/program files (x86)/microchip/xc32/v1.34/bin/bin/../../lib/gcc/pic32mx/4.5.2/../../../../pic32mx/lib/size\libmchp_peripheral_32MX150F128B.a(I2CTransmitterIsReady.o)
 .mdebug.abi32  0xa0000270        0x0 c:/program files (x86)/microchip/xc32/v1.34/bin/bin/../../lib/gcc/pic32mx/4.5.2/../../../../pic32mx/lib/size\libmchp_peripheral_32MX150F128B.a(I2CPrivate.o)
 .mdebug.abi32  0xa0000270        0x0 c:/program files (x86)/microchip/xc32/v1.34/bin/bin/../../lib/gcc/pic32mx/4.5.2/size\crtbegin.o
 .mdebug.abi32  0xa0000270        0x0 c:/program files (x86)/microchip/xc32/v1.34/bin/bin/../../lib/gcc/pic32mx/4.5.2/size\crtend.o
 .mdebug.abi32  0xa0000270        0x0 c:/program files (x86)/microchip/xc32/v1.34/bin/bin/../../lib/gcc/pic32mx/4.5.2/size\libgcc.a(floatunsisf.o)
 .mdebug.abi32  0xa0000270        0x0 c:/program files (x86)/microchip/xc32/v1.34/bin/bin/../../lib/gcc/pic32mx/4.5.2/../../../../pic32mx/lib/size\libc.a(itoa.o)
 .mdebug.abi32  0xa0000270        0x0 c:/program files (x86)/microchip/xc32/v1.34/bin/bin/../../lib/gcc/pic32mx/4.5.2/../../../../pic32mx/lib/size\libc.a(sprintf_cdnopuxX.eo)
 .mdebug.abi32  0xa0000270        0x0 c:/program files (x86)/microchip/xc32/v1.34/bin/bin/../../lib/gcc/pic32mx/4.5.2/../../../../pic32mx/lib/size\libc.a(doprnt_cdnopuxX.eo)
 .mdebug.abi32  0xa0000270        0x0 c:/program files (x86)/microchip/xc32/v1.34/bin/bin/../../lib/gcc/pic32mx/4.5.2/../../../../pic32mx/lib/size\libc.a(_fputc_simple.o)
 .mdebug.abi32  0xa0000270        0x0 c:/program files (x86)/microchip/xc32/v1.34/bin/bin/../../lib/gcc/pic32mx/4.5.2/../../../../pic32mx/lib/size\libc.a(ctype.o)
 .mdebug.abi32  0xa0000270        0x0 c:/program files (x86)/microchip/xc32/v1.34/bin/bin/../../lib/gcc/pic32mx/4.5.2/../../../../pic32mx/lib/size\libc.a(_iob.o)
 .mdebug.abi32  0xa0000270        0x0 c:/program files (x86)/microchip/xc32/v1.34/bin/bin/../../lib/gcc/pic32mx/4.5.2/../../../../pic32mx/lib/size\libc.a(_flsbuf_simple.o)
 .mdebug.abi32  0xa0000270        0x0 c:/program files (x86)/microchip/xc32/v1.34/bin/bin/../../lib/gcc/pic32mx/4.5.2/../../../../pic32mx/lib/size\libpic32.a(write.o)
 .mdebug.abi32  0xa0000270        0x0 c:/program files (x86)/microchip/xc32/v1.34/bin/bin/../../lib/gcc/pic32mx/4.5.2/../../../../pic32mx/lib/size\libpic32.a(_mon_putc.o)
 .mdebug.abi32  0xa0000270        0x0 c:/program files (x86)/microchip/xc32/v1.34/bin/bin/../../lib/gcc/pic32mx/4.5.2/../../../../pic32mx/lib/size\libpic32.a(xc32_uart.o)
 .mdebug.abi32  0xa0000270        0x0 c:/program files (x86)/microchip/xc32/v1.34/bin/bin/../../lib/gcc/pic32mx/4.5.2/size\libgcc.a(_lshrdi3.o)
 .mdebug.abi32  0xa0000270        0x0 c:/program files (x86)/microchip/xc32/v1.34/bin/bin/../../lib/gcc/pic32mx/4.5.2/size\libgcc.a(_udivdi3.o)